main.c:99:6:HAL_GPIO_EXTI_Callback	16	static
main.c:111:5:main	8	static
main.c:209:6:SystemClock_Config	88	static
main.c:253:13:MX_CRC_Init	8	static
main.c:279:13:MX_DMA2D_Init	8	static
main.c:308:13:MX_I2C3_Init	8	static
main.c:354:13:MX_LTDC_Init	64	static
main.c:416:13:MX_SPI5_Init	8	static
main.c:454:13:MX_TIM1_Init	32	static
main.c:500:13:MX_USART1_UART_Init	8	static
main.c:529:13:MX_FMC_Init	40	static
main.c:580:13:MX_GPIO_Init	64	static
main.c:681:6:StartDefaultTask	16	static
main.c:702:6:HAL_TIM_PeriodElapsedCallback	16	static
main.c:719:6:Error_Handler	8	static,ignoring_inline_asm
