stm32f4xx_hal_msp.c:63:6:HAL_MspInit	16	static
stm32f4xx_hal_msp.c:87:6:HAL_CRC_MspInit	24	static
stm32f4xx_hal_msp.c:109:6:HAL_CRC_MspDeInit	16	static
stm32f4xx_hal_msp.c:131:6:HAL_DMA2D_MspInit	24	static
stm32f4xx_hal_msp.c:156:6:HAL_DMA2D_MspDeInit	16	static
stm32f4xx_hal_msp.c:181:6:HAL_I2C_MspInit	48	static
stm32f4xx_hal_msp.c:225:6:HAL_I2C_MspDeInit	16	static
stm32f4xx_hal_msp.c:256:6:HAL_LTDC_MspInit	112	static
stm32f4xx_hal_msp.c:398:6:HAL_LTDC_MspDeInit	16	static
stm32f4xx_hal_msp.c:463:6:HAL_SPI_MspInit	48	static
stm32f4xx_hal_msp.c:500:6:HAL_SPI_MspDeInit	16	static
stm32f4xx_hal_msp.c:530:6:HAL_TIM_Base_MspInit	24	static
stm32f4xx_hal_msp.c:552:6:HAL_TIM_Base_MspDeInit	16	static
stm32f4xx_hal_msp.c:574:6:HAL_UART_MspInit	48	static
stm32f4xx_hal_msp.c:610:6:HAL_UART_MspDeInit	16	static
stm32f4xx_hal_msp.c:635:13:HAL_FMC_MspInit	32	static
stm32f4xx_hal_msp.c:741:6:HAL_SDRAM_MspInit	16	static
stm32f4xx_hal_msp.c:753:13:HAL_FMC_MspDeInit	8	static
stm32f4xx_hal_msp.c:827:6:HAL_SDRAM_MspDeInit	16	static
