Archive member included to satisfy reference by file (symbol)

c:/apps/stm32cubeide_1.8.0/stm32cubeide/plugins/com.st.stm32cube.ide.mcu.externaltools.gnu-tools-for-stm32.9-2020-q2-update.win32_2.0.0.202105311346/tools/bin/../lib/gcc/arm-none-eabi/9.3.1/../../../../arm-none-eabi/lib/thumb/v7e-m+fp/hard\libc_nano.a(lib_a-errno.o)
                              ./Core/Src/syscalls.o (__errno)
c:/apps/stm32cubeide_1.8.0/stm32cubeide/plugins/com.st.stm32cube.ide.mcu.externaltools.gnu-tools-for-stm32.9-2020-q2-update.win32_2.0.0.202105311346/tools/bin/../lib/gcc/arm-none-eabi/9.3.1/../../../../arm-none-eabi/lib/thumb/v7e-m+fp/hard\libc_nano.a(lib_a-exit.o)
                              c:/apps/stm32cubeide_1.8.0/stm32cubeide/plugins/com.st.stm32cube.ide.mcu.externaltools.gnu-tools-for-stm32.9-2020-q2-update.win32_2.0.0.202105311346/tools/bin/../lib/gcc/arm-none-eabi/9.3.1/../../../../arm-none-eabi/lib/thumb/v7e-m+fp/hard/crt0.o (exit)
c:/apps/stm32cubeide_1.8.0/stm32cubeide/plugins/com.st.stm32cube.ide.mcu.externaltools.gnu-tools-for-stm32.9-2020-q2-update.win32_2.0.0.202105311346/tools/bin/../lib/gcc/arm-none-eabi/9.3.1/../../../../arm-none-eabi/lib/thumb/v7e-m+fp/hard\libc_nano.a(lib_a-findfp.o)
                              ./Middlewares/Third_Party/FreeRTOS/Source/tasks.o (__sf_fake_stderr)
c:/apps/stm32cubeide_1.8.0/stm32cubeide/plugins/com.st.stm32cube.ide.mcu.externaltools.gnu-tools-for-stm32.9-2020-q2-update.win32_2.0.0.202105311346/tools/bin/../lib/gcc/arm-none-eabi/9.3.1/../../../../arm-none-eabi/lib/thumb/v7e-m+fp/hard\libc_nano.a(lib_a-fwalk.o)
                              c:/apps/stm32cubeide_1.8.0/stm32cubeide/plugins/com.st.stm32cube.ide.mcu.externaltools.gnu-tools-for-stm32.9-2020-q2-update.win32_2.0.0.202105311346/tools/bin/../lib/gcc/arm-none-eabi/9.3.1/../../../../arm-none-eabi/lib/thumb/v7e-m+fp/hard\libc_nano.a(lib_a-findfp.o) (_fwalk)
c:/apps/stm32cubeide_1.8.0/stm32cubeide/plugins/com.st.stm32cube.ide.mcu.externaltools.gnu-tools-for-stm32.9-2020-q2-update.win32_2.0.0.202105311346/tools/bin/../lib/gcc/arm-none-eabi/9.3.1/../../../../arm-none-eabi/lib/thumb/v7e-m+fp/hard\libc_nano.a(lib_a-impure.o)
                              c:/apps/stm32cubeide_1.8.0/stm32cubeide/plugins/com.st.stm32cube.ide.mcu.externaltools.gnu-tools-for-stm32.9-2020-q2-update.win32_2.0.0.202105311346/tools/bin/../lib/gcc/arm-none-eabi/9.3.1/../../../../arm-none-eabi/lib/thumb/v7e-m+fp/hard\libc_nano.a(lib_a-exit.o) (_global_impure_ptr)
c:/apps/stm32cubeide_1.8.0/stm32cubeide/plugins/com.st.stm32cube.ide.mcu.externaltools.gnu-tools-for-stm32.9-2020-q2-update.win32_2.0.0.202105311346/tools/bin/../lib/gcc/arm-none-eabi/9.3.1/../../../../arm-none-eabi/lib/thumb/v7e-m+fp/hard\libc_nano.a(lib_a-init.o)
                              c:/apps/stm32cubeide_1.8.0/stm32cubeide/plugins/com.st.stm32cube.ide.mcu.externaltools.gnu-tools-for-stm32.9-2020-q2-update.win32_2.0.0.202105311346/tools/bin/../lib/gcc/arm-none-eabi/9.3.1/../../../../arm-none-eabi/lib/thumb/v7e-m+fp/hard/crt0.o (__libc_init_array)
c:/apps/stm32cubeide_1.8.0/stm32cubeide/plugins/com.st.stm32cube.ide.mcu.externaltools.gnu-tools-for-stm32.9-2020-q2-update.win32_2.0.0.202105311346/tools/bin/../lib/gcc/arm-none-eabi/9.3.1/../../../../arm-none-eabi/lib/thumb/v7e-m+fp/hard\libc_nano.a(lib_a-lock.o)
                              c:/apps/stm32cubeide_1.8.0/stm32cubeide/plugins/com.st.stm32cube.ide.mcu.externaltools.gnu-tools-for-stm32.9-2020-q2-update.win32_2.0.0.202105311346/tools/bin/../lib/gcc/arm-none-eabi/9.3.1/../../../../arm-none-eabi/lib/thumb/v7e-m+fp/hard\libc_nano.a(lib_a-findfp.o) (__retarget_lock_init_recursive)
c:/apps/stm32cubeide_1.8.0/stm32cubeide/plugins/com.st.stm32cube.ide.mcu.externaltools.gnu-tools-for-stm32.9-2020-q2-update.win32_2.0.0.202105311346/tools/bin/../lib/gcc/arm-none-eabi/9.3.1/../../../../arm-none-eabi/lib/thumb/v7e-m+fp/hard\libc_nano.a(lib_a-malloc.o)
                              ./Middlewares/ST/STM32_USB_Host_Library/Class/CDC/Src/usbh_cdc.o (malloc)
c:/apps/stm32cubeide_1.8.0/stm32cubeide/plugins/com.st.stm32cube.ide.mcu.externaltools.gnu-tools-for-stm32.9-2020-q2-update.win32_2.0.0.202105311346/tools/bin/../lib/gcc/arm-none-eabi/9.3.1/../../../../arm-none-eabi/lib/thumb/v7e-m+fp/hard\libc_nano.a(lib_a-memcpy-stub.o)
                              ./Middlewares/Third_Party/FreeRTOS/Source/CMSIS_RTOS_V2/cmsis_os2.o (memcpy)
c:/apps/stm32cubeide_1.8.0/stm32cubeide/plugins/com.st.stm32cube.ide.mcu.externaltools.gnu-tools-for-stm32.9-2020-q2-update.win32_2.0.0.202105311346/tools/bin/../lib/gcc/arm-none-eabi/9.3.1/../../../../arm-none-eabi/lib/thumb/v7e-m+fp/hard\libc_nano.a(lib_a-memmove.o)
                              ./Middlewares/Tukowisko/Src/tk_grs.o (memmove)
c:/apps/stm32cubeide_1.8.0/stm32cubeide/plugins/com.st.stm32cube.ide.mcu.externaltools.gnu-tools-for-stm32.9-2020-q2-update.win32_2.0.0.202105311346/tools/bin/../lib/gcc/arm-none-eabi/9.3.1/../../../../arm-none-eabi/lib/thumb/v7e-m+fp/hard\libc_nano.a(lib_a-memset.o)
[...]
Memory Configuration

Name             Origin             Length             Attributes
CCMRAM           0x0000000010000000 0x0000000000010000 xrw
RAM              0x0000000020000000 0x0000000000030000 xrw
FLASH            0x0000000008000000 0x0000000000200000 xr
*default*        0x0000000000000000 0xffffffffffffffff

Linker script and memory map

LOAD c:/apps/stm32cubeide_1.8.0/stm32cubeide/plugins/com.st.stm32cube.ide.mcu.externaltools.gnu-tools-for-stm32.9-2020-q2-update.win32_2.0.0.202105311346/tools/bin/../lib/gcc/arm-none-eabi/9.3.1/thumb/v7e-m+fp/hard/crti.o
LOAD c:/apps/stm32cubeide_1.8.0/stm32cubeide/plugins/com.st.stm32cube.ide.mcu.externaltools.gnu-tools-for-stm32.9-2020-q2-update.win32_2.0.0.202105311346/tools/bin/../lib/gcc/arm-none-eabi/9.3.1/thumb/v7e-m+fp/hard/crtbegin.o
LOAD c:/apps/stm32cubeide_1.8.0/stm32cubeide/plugins/com.st.stm32cube.ide.mcu.externaltools.gnu-tools-for-stm32.9-2020-q2-update.win32_2.0.0.202105311346/tools/bin/../lib/gcc/arm-none-eabi/9.3.1/../../../../arm-none-eabi/lib/thumb/v7e-m+fp/hard/crt0.o
LOAD ./Core/Src/freertos.o
LOAD ./Core/Src/main.o
LOAD ./Core/Src/stm32f4xx_hal_msp.o
LOAD ./Core/Src/stm32f4xx_hal_timebase_tim.o
LOAD ./Core/Src/stm32f4xx_it.o
LOAD ./Core/Src/syscalls.o
LOAD ./Core/Src/sysmem.o
LOAD ./Core/Src/system_stm32f4xx.o
LOAD ./Core/Startup/startup_stm32f429zitx.o
LOAD ./Drivers/STM32F4xx_HAL_Driver/Src/stm32f4xx_hal.o
LOAD ./Drivers/STM32F4xx_HAL_Driver/Src/stm32f4xx_hal_cortex.o
LOAD ./Drivers/STM32F4xx_HAL_Driver/Src/stm32f4xx_hal_crc.o
LOAD ./Drivers/STM32F4xx_HAL_Driver/Src/stm32f4xx_hal_dma.o
LOAD ./Drivers/STM32F4xx_HAL_Driver/Src/stm32f4xx_hal_dma2d.o
LOAD ./Drivers/STM32F4xx_HAL_Driver/Src/stm32f4xx_hal_dma_ex.o
LOAD ./Drivers/STM32F4xx_HAL_Driver/Src/stm32f4xx_hal_dsi.o
LOAD ./Drivers/STM32F4xx_HAL_Driver/Src/stm32f4xx_hal_exti.o
LOAD ./Drivers/STM32F4xx_HAL_Driver/Src/stm32f4xx_hal_flash.o
LOAD ./Drivers/STM32F4xx_HAL_Driver/Src/stm32f4xx_hal_flash_ex.o
LOAD ./Drivers/STM32F4xx_HAL_Driver/Src/stm32f4xx_hal_flash_ramfunc.o
LOAD ./Drivers/STM32F4xx_HAL_Driver/Src/stm32f4xx_hal_gpio.o
LOAD ./Drivers/STM32F4xx_HAL_Driver/Src/stm32f4xx_hal_hcd.o
LOAD ./Drivers/STM32F4xx_HAL_Driver/Src/stm32f4xx_hal_i2c.o
LOAD ./Drivers/STM32F4xx_HAL_Driver/Src/stm32f4xx_hal_i2c_ex.o
LOAD ./Drivers/STM32F4xx_HAL_Driver/Src/stm32f4xx_hal_ltdc.o
LOAD ./Drivers/STM32F4xx_HAL_Driver/Src/stm32f4xx_hal_ltdc_ex.o
LOAD ./Drivers/STM32F4xx_HAL_Driver/Src/stm32f4xx_hal_pwr.o
LOAD ./Drivers/STM32F4xx_HAL_Driver/Src/stm32f4xx_hal_pwr_ex.o
LOAD ./Drivers/STM32F4xx_HAL_Driver/Src/stm32f4xx_hal_rcc.o
LOAD ./Drivers/STM32F4xx_HAL_Driver/Src/stm32f4xx_hal_rcc_ex.o
LOAD ./Drivers/STM32F4xx_HAL_Driver/Src/stm32f4xx_hal_sdram.o
LOAD ./Drivers/STM32F4xx_HAL_Driver/Src/stm32f4xx_hal_spi.o
LOAD ./Drivers/STM32F4xx_HAL_Driver/Src/stm32f4xx_hal_tim.o
LOAD ./Drivers/STM32F4xx_HAL_Driver/Src/stm32f4xx_hal_tim_ex.o
LOAD ./Drivers/STM32F4xx_HAL_Driver/Src/stm32f4xx_hal_uart.o
LOAD ./Drivers/STM32F4xx_HAL_Driver/Src/stm32f4xx_ll_fmc.o
LOAD ./Drivers/STM32F4xx_HAL_Driver/Src/stm32f4xx_ll_usb.o
LOAD ./Middlewares/ST/STM32_USB_Host_Library/Class/CDC/Src/usbh_cdc.o
LOAD ./Middlewares/ST/STM32_USB_Host_Library/Core/Src/usbh_core.o
LOAD ./Middlewares/ST/STM32_USB_Host_Library/Core/Src/usbh_ctlreq.o
LOAD ./Middlewares/ST/STM32_USB_Host_Library/Core/Src/usbh_ioreq.o
LOAD ./Middlewares/ST/STM32_USB_Host_Library/Core/Src/usbh_pipes.o
LOAD ./Middlewares/Third_Party/FreeRTOS/Source/CMSIS_RTOS_V2/cmsis_os2.o
LOAD ./Middlewares/Third_Party/FreeRTOS/Source/croutine.o
LOAD ./Middlewares/Third_Party/FreeRTOS/Source/event_groups.o
LOAD ./Middlewares/Third_Party/FreeRTOS/Source/list.o
LOAD ./Middlewares/Third_Party/FreeRTOS/Source/queue.o
LOAD ./Middlewares/Third_Party/FreeRTOS/Source/stream_buffer.o
LOAD ./Middlewares/Third_Party/FreeRTOS/Source/tasks.o
LOAD ./Middlewares/Third_Party/FreeRTOS/Source/timers.o
LOAD ./Middlewares/Third_Party/FreeRTOS/Source/portable/GCC/ARM_CM4F/port.o
LOAD ./Middlewares/Third_Party/FreeRTOS/Source/portable/MemMang/heap_4.o
LOAD ./Middlewares/Tukowisko/Src/ssd1306_fonts.o
LOAD ./Middlewares/Tukowisko/Src/tk_grs.o
LOAD ./Middlewares/Tukowisko/Src/tk_inits.o
LOAD ./USB_HOST/App/usb_host.o
LOAD ./USB_HOST/Target/usbh_conf.o
LOAD ./USB_HOST/Target/usbh_platform.o
START GROUP
LOAD c:/apps/stm32cubeide_1.8.0/stm32cubeide/plugins/com.st.stm32cube.ide.mcu.externaltools.gnu-tools-for-stm32.9-2020-q2-update.win32_2.0.0.202105311346/tools/bin/../lib/gcc/arm-none-eabi/9.3.1/../../../../arm-none-eabi/lib/thumb/v7e-m+fp/hard\libc_nano.a
LOAD c:/apps/stm32cubeide_1.8.0/stm32cubeide/plugins/com.st.stm32cube.ide.mcu.externaltools.gnu-tools-for-stm32.9-2020-q2-update.win32_2.0.0.202105311346/tools/bin/../lib/gcc/arm-none-eabi/9.3.1/../../../../arm-none-eabi/lib/thumb/v7e-m+fp/hard\libm.a
END GROUP
START GROUP
LOAD c:/apps/stm32cubeide_1.8.0/stm32cubeide/plugins/com.st.stm32cube.ide.mcu.externaltools.gnu-tools-for-stm32.9-2020-q2-update.win32_2.0.0.202105311346/tools/bin/../lib/gcc/arm-none-eabi/9.3.1/thumb/v7e-m+fp/hard\libgcc.a
LOAD c:/apps/stm32cubeide_1.8.0/stm32cubeide/plugins/com.st.stm32cube.ide.mcu.externaltools.gnu-tools-for-stm32.9-2020-q2-update.win32_2.0.0.202105311346/tools/bin/../lib/gcc/arm-none-eabi/9.3.1/../../../../arm-none-eabi/lib/thumb/v7e-m+fp/hard\libc_nano.a
END GROUP
START GROUP
LOAD c:/apps/stm32cubeide_1.8.0/stm32cubeide/plugins/com.st.stm32cube.ide.mcu.externaltools.gnu-tools-for-stm32.9-2020-q2-update.win32_2.0.0.202105311346/tools/bin/../lib/gcc/arm-none-eabi/9.3.1/thumb/v7e-m+fp/hard\libgcc.a
LOAD c:/apps/stm32cubeide_1.8.0/stm32cubeide/plugins/com.st.stm32cube.ide.mcu.externaltools.gnu-tools-for-stm32.9-2020-q2-update.win32_2.0.0.202105311346/tools/bin/../lib/gcc/arm-none-eabi/9.3.1/../../../../arm-none-eabi/lib/thumb/v7e-m+fp/hard\libc_nano.a
LOAD c:/apps/stm32cubeide_1.8.0/stm32cubeide/plugins/com.st.stm32cube.ide.mcu.externaltools.gnu-tools-for-stm32.9-2020-q2-update.win32_2.0.0.202105311346/tools/bin/../lib/gcc/arm-none-eabi/9.3.1/../../../../arm-none-eabi/lib/thumb/v7e-m+fp/hard\libnosys.a
END GROUP
START GROUP
LOAD c:/apps/stm32cubeide_1.8.0/stm32cubeide/plugins/com.st.stm32cube.ide.mcu.externaltools.gnu-tools-for-stm32.9-2020-q2-update.win32_2.0.0.202105311346/tools/bin/../lib/gcc/arm-none-eabi/9.3.1/thumb/v7e-m+fp/hard\libgcc.a
LOAD c:/apps/stm32cubeide_1.8.0/stm32cubeide/plugins/com.st.stm32cube.ide.mcu.externaltools.gnu-tools-for-stm32.9-2020-q2-update.win32_2.0.0.202105311346/tools/bin/../lib/gcc/arm-none-eabi/9.3.1/../../../../arm-none-eabi/lib/thumb/v7e-m+fp/hard\libc_nano.a
LOAD c:/apps/stm32cubeide_1.8.0/stm32cubeide/plugins/com.st.stm32cube.ide.mcu.externaltools.gnu-tools-for-stm32.9-2020-q2-update.win32_2.0.0.202105311346/tools/bin/../lib/gcc/arm-none-eabi/9.3.1/../../../../arm-none-eabi/lib/thumb/v7e-m+fp/hard\libnosys.a
END GROUP
LOAD c:/apps/stm32cubeide_1.8.0/stm32cubeide/plugins/com.st.stm32cube.ide.mcu.externaltools.gnu-tools-for-stm32.9-2020-q2-update.win32_2.0.0.202105311346/tools/bin/../lib/gcc/arm-none-eabi/9.3.1/thumb/v7e-m+fp/hard/crtend.o
LOAD c:/apps/stm32cubeide_1.8.0/stm32cubeide/plugins/com.st.stm32cube.ide.mcu.externaltools.gnu-tools-for-stm32.9-2020-q2-update.win32_2.0.0.202105311346/tools/bin/../lib/gcc/arm-none-eabi/9.3.1/thumb/v7e-m+fp/hard/crtn.o
                0x0000000020030000                _estack = (ORIGIN (RAM) + LENGTH (RAM))
                0x0000000000000200                _Min_Heap_Size = 0x200
                0x0000000000000400                _Min_Stack_Size = 0x400

.isr_vector     0x0000000008000000      0x1ac
                0x0000000008000000                . = ALIGN (0x4)
 *(.isr_vector)
 .isr_vector    0x0000000008000000      0x1ac ./Core/Startup/startup_stm32f429zitx.o
                0x0000000008000000                g_pfnVectors
                0x00000000080001ac                . = ALIGN (0x4)

.text           0x00000000080001b0     0xe330
                0x00000000080001b0                . = ALIGN (0x4)
 *(.text)
 .text          0x00000000080001b0       0x40 c:/apps/stm32cubeide_1.8.0/stm32cubeide/plugins/com.st.stm32cube.ide.mcu.externaltools.gnu-tools-for-stm32.9-2020-q2-update.win32_2.0.0.202105311346/tools/bin/../lib/gcc/arm-none-eabi/9.3.1/thumb/v7e-m+fp/hard/crtbegin.o
 .text          0x00000000080001f0       0xa0 c:/apps/stm32cubeide_1.8.0/stm32cubeide/plugins/com.st.stm32cube.ide.mcu.externaltools.gnu-tools-for-stm32.9-2020-q2-update.win32_2.0.0.202105311346/tools/bin/../lib/gcc/arm-none-eabi/9.3.1/../../../../arm-none-eabi/lib/thumb/v7e-m+fp/hard\libc_nano.a(lib_a-memchr.o)
                0x00000000080001f0                memchr
 .text          0x0000000008000290       0x30 c:/apps/stm32cubeide_1.8.0/stm32cubeide/plugins/com.st.stm32cube.ide.mcu.externaltools.gnu-tools-for-stm32.9-2020-q2-update.win32_2.0.0.202105311346/tools/bin/../lib/gcc/arm-none-eabi/9.3.1/thumb/v7e-m+fp/hard\libgcc.a(_aeabi_uldivmod.o)
                0x0000000008000290                __aeabi_uldivmod
 .text          0x00000000080002c0      0x2c4 c:/apps/stm32cubeide_1.8.0/stm32cubeide/plugins/com.st.stm32cube.ide.mcu.externaltools.gnu-tools-for-stm32.9-2020-q2-update.win32_2.0.0.202105311346/tools/bin/../lib/gcc/arm-none-eabi/9.3.1/thumb/v7e-m+fp/hard\libgcc.a(_udivmoddi4.o)
                0x00000000080002c0                __udivmoddi4
 .text          0x0000000008000584        0x4 c:/apps/stm32cubeide_1.8.0/stm32cubeide/plugins/com.st.stm32cube.ide.mcu.externaltools.gnu-tools-for-stm32.9-2020-q2-update.win32_2.0.0.202105311346/tools/bin/../lib/gcc/arm-none-eabi/9.3.1/thumb/v7e-m+fp/hard\libgcc.a(_dvmd_tls.o)
                0x0000000008000584                __aeabi_idiv0
                0x0000000008000584                __aeabi_ldiv0
 *(.text*)
 .text.HAL_GPIO_EXTI_Callback
                0x0000000008000588       0x34 ./Core/Src/main.o
                0x0000000008000588                HAL_GPIO_EXTI_Callback
 .text.main     0x00000000080005bc       0x7c ./Core/Src/main.o
                0x00000000080005bc                main
 .text.SystemClock_Config
                0x0000000008000638       0xd8 ./Core/Src/main.o
                0x0000000008000638                SystemClock_Config
 .text.MX_CRC_Init
                0x0000000008000710       0x28 ./Core/Src/main.o
 .text.MX_DMA2D_Init
                0x0000000008000738       0x3c ./Core/Src/main.o
 .text.MX_I2C3_Init
                0x0000000008000774       0x80 ./Core/Src/main.o
 .text.MX_LTDC_Init
                0x00000000080007f4      0x100 ./Core/Src/main.o
 .text.MX_SPI5_Init
                0x00000000080008f4       0x6c ./Core/Src/main.o
 .text.MX_TIM1_Init
                0x0000000008000960       0xa0 ./Core/Src/main.o
 .text.MX_USART1_UART_Init
                0x0000000008000a00       0x54 ./Core/Src/main.o
 .text.MX_FMC_Init
                0x0000000008000a54       0xa4 ./Core/Src/main.o
 .text.MX_GPIO_Init
                0x0000000008000af8      0x248 ./Core/Src/main.o
 .text.StartDefaultTask
                0x0000000008000d40       0x14 ./Core/Src/main.o
                0x0000000008000d40                StartDefaultTask
 .text.HAL_TIM_PeriodElapsedCallback
                0x0000000008000d54       0x24 ./Core/Src/main.o
                0x0000000008000d54                HAL_TIM_PeriodElapsedCallback
 .text.Error_Handler
                0x0000000008000d78       0x1c ./Core/Src/main.o
                0x0000000008000d78                Error_Handler
 .text.HAL_MspInit
                0x0000000008000d94       0x58 ./Core/Src/stm32f4xx_hal_msp.o
                0x0000000008000d94                HAL_MspInit
 .text.HAL_CRC_MspInit
                0x0000000008000dec       0x44 ./Core/Src/stm32f4xx_hal_msp.o
                0x0000000008000dec                HAL_CRC_MspInit
 .text.HAL_DMA2D_MspInit
                0x0000000008000e30       0x50 ./Core/Src/stm32f4xx_hal_msp.o
                0x0000000008000e30                HAL_DMA2D_MspInit
 .text.HAL_I2C_MspInit
                0x0000000008000e80       0xd4 ./Core/Src/stm32f4xx_hal_msp.o
                0x0000000008000e80                HAL_I2C_MspInit
 .text.HAL_LTDC_MspInit
                0x0000000008000f54      0x2b0 ./Core/Src/stm32f4xx_hal_msp.o
                0x0000000008000f54                HAL_LTDC_MspInit
 .text.HAL_SPI_MspInit
                0x0000000008001204       0x90 ./Core/Src/stm32f4xx_hal_msp.o
                0x0000000008001204                HAL_SPI_MspInit
 .text.HAL_TIM_Base_MspInit
                0x0000000008001294       0x44 ./Core/Src/stm32f4xx_hal_msp.o
                0x0000000008001294                HAL_TIM_Base_MspInit
 .text.HAL_UART_MspInit
                0x00000000080012d8       0x90 ./Core/Src/stm32f4xx_hal_msp.o
                0x00000000080012d8                HAL_UART_MspInit
 .text.HAL_FMC_MspInit
                0x0000000008001368      0x124 ./Core/Src/stm32f4xx_hal_msp.o
 .text.HAL_SDRAM_MspInit
                0x000000000800148c       0x14 ./Core/Src/stm32f4xx_hal_msp.o
                0x000000000800148c                HAL_SDRAM_MspInit
 .text.HAL_InitTick
                0x00000000080014a0       0xb4 ./Core/Src/stm32f4xx_hal_timebase_tim.o
                0x00000000080014a0                HAL_InitTick
 .text.NMI_Handler
                0x0000000008001554        0x6 ./Core/Src/stm32f4xx_it.o
                0x0000000008001554                NMI_Handler
 .text.HardFault_Handler
                0x000000000800155a        0x6 ./Core/Src/stm32f4xx_it.o
                0x000000000800155a                HardFault_Handler
 .text.MemManage_Handler
                0x0000000008001560        0x6 ./Core/Src/stm32f4xx_it.o
                0x0000000008001560                MemManage_Handler
 .text.BusFault_Handler
                0x0000000008001566        0x6 ./Core/Src/stm32f4xx_it.o
                0x0000000008001566                BusFault_Handler
 .text.UsageFault_Handler
                0x000000000800156c        0x6 ./Core/Src/stm32f4xx_it.o
                0x000000000800156c                UsageFault_Handler
 .text.DebugMon_Handler
                0x0000000008001572        0xe ./Core/Src/stm32f4xx_it.o
                0x0000000008001572                DebugMon_Handler
 .text.EXTI0_IRQHandler
                0x0000000008001580        0xe ./Core/Src/stm32f4xx_it.o
                0x0000000008001580                EXTI0_IRQHandler
 *fill*         0x000000000800158e        0x2 
 .text.TIM6_DAC_IRQHandler
                0x0000000008001590       0x14 ./Core/Src/stm32f4xx_it.o
                0x0000000008001590                TIM6_DAC_IRQHandler
 .text.OTG_HS_IRQHandler
                0x00000000080015a4       0x14 ./Core/Src/stm32f4xx_it.o
                0x00000000080015a4                OTG_HS_IRQHandler
 .text.LTDC_IRQHandler
                0x00000000080015b8       0x14 ./Core/Src/stm32f4xx_it.o
                0x00000000080015b8                LTDC_IRQHandler
 .text.LTDC_ER_IRQHandler
                0x00000000080015cc       0x14 ./Core/Src/stm32f4xx_it.o
                0x00000000080015cc                LTDC_ER_IRQHandler
 .text.DMA2D_IRQHandler
                0x00000000080015e0       0x14 ./Core/Src/stm32f4xx_it.o
                0x00000000080015e0                DMA2D_IRQHandler
 .text._sbrk    0x00000000080015f4       0x6c ./Core/Src/sysmem.o
                0x00000000080015f4                _sbrk
 .text.SystemInit
                0x0000000008001660       0x24 ./Core/Src/system_stm32f4xx.o
                0x0000000008001660                SystemInit
 .text.Reset_Handler
                0x0000000008001684       0x50 ./Core/Startup/startup_stm32f429zitx.o
                0x0000000008001684                Reset_Handler
 .text.Default_Handler
                0x00000000080016d4        0x2 ./Core/Startup/startup_stm32f429zitx.o
                0x00000000080016d4                RTC_Alarm_IRQHandler
                0x00000000080016d4                HASH_RNG_IRQHandler
                0x00000000080016d4                EXTI2_IRQHandler
                0x00000000080016d4                TIM8_CC_IRQHandler
                0x00000000080016d4                UART8_IRQHandler
                0x00000000080016d4                SPI4_IRQHandler
                0x00000000080016d4                TIM1_CC_IRQHandler
                0x00000000080016d4                DMA2_Stream5_IRQHandler
                0x00000000080016d4                DMA1_Stream5_IRQHandler
                0x00000000080016d4                PVD_IRQHandler
                0x00000000080016d4                SDIO_IRQHandler
                0x00000000080016d4                TAMP_STAMP_IRQHandler
                0x00000000080016d4                CAN2_RX1_IRQHandler
                0x00000000080016d4                EXTI3_IRQHandler
                0x00000000080016d4                TIM8_TRG_COM_TIM14_IRQHandler
                0x00000000080016d4                TIM1_UP_TIM10_IRQHandler
                0x00000000080016d4                TIM8_UP_TIM13_IRQHandler
                0x00000000080016d4                I2C3_ER_IRQHandler
                0x00000000080016d4                I2C2_EV_IRQHandler
                0x00000000080016d4                DMA1_Stream2_IRQHandler
                0x00000000080016d4                CAN1_RX0_IRQHandler
                0x00000000080016d4                FPU_IRQHandler
                0x00000000080016d4                OTG_HS_WKUP_IRQHandler
                0x00000000080016d4                CAN2_SCE_IRQHandler
                0x00000000080016d4                DMA2_Stream2_IRQHandler
                0x00000000080016d4                SPI1_IRQHandler
                0x00000000080016d4                TIM1_BRK_TIM9_IRQHandler
                0x00000000080016d4                DCMI_IRQHandler
                0x00000000080016d4                CAN2_RX0_IRQHandler
                0x00000000080016d4                DMA2_Stream3_IRQHandler
                0x00000000080016d4                USART6_IRQHandler
                0x00000000080016d4                USART3_IRQHandler
                0x00000000080016d4                CAN1_RX1_IRQHandler
                0x00000000080016d4                UART5_IRQHandler
                0x00000000080016d4                DMA2_Stream0_IRQHandler
                0x00000000080016d4                TIM4_IRQHandler
                0x00000000080016d4                I2C1_EV_IRQHandler
                0x00000000080016d4                DMA1_Stream6_IRQHandler
                0x00000000080016d4                DMA1_Stream1_IRQHandler
                0x00000000080016d4                UART4_IRQHandler
                0x00000000080016d4                TIM3_IRQHandler
                0x00000000080016d4                RCC_IRQHandler
                0x00000000080016d4                TIM8_BRK_TIM12_IRQHandler
                0x00000000080016d4                Default_Handler
                0x00000000080016d4                EXTI15_10_IRQHandler
                0x00000000080016d4                ADC_IRQHandler
                0x00000000080016d4                DMA1_Stream7_IRQHandler
                0x00000000080016d4                SPI5_IRQHandler
                0x00000000080016d4                TIM7_IRQHandler
                0x00000000080016d4                CAN2_TX_IRQHandler
                0x00000000080016d4                TIM5_IRQHandler
                0x00000000080016d4                DMA2_Stream7_IRQHandler
                0x00000000080016d4                I2C3_EV_IRQHandler
                0x00000000080016d4                EXTI9_5_IRQHandler
                0x00000000080016d4                RTC_WKUP_IRQHandler
                0x00000000080016d4                ETH_WKUP_IRQHandler
                0x00000000080016d4                SPI2_IRQHandler
                0x00000000080016d4                OTG_HS_EP1_IN_IRQHandler
                0x00000000080016d4                DMA1_Stream0_IRQHandler
                0x00000000080016d4                CAN1_TX_IRQHandler
                0x00000000080016d4                EXTI4_IRQHandler
                0x00000000080016d4                ETH_IRQHandler
                0x00000000080016d4                OTG_HS_EP1_OUT_IRQHandler
                0x00000000080016d4                WWDG_IRQHandler
                0x00000000080016d4                SPI6_IRQHandler
                0x00000000080016d4                TIM2_IRQHandler
                0x00000000080016d4                OTG_FS_WKUP_IRQHandler
                0x00000000080016d4                TIM1_TRG_COM_TIM11_IRQHandler
                0x00000000080016d4                EXTI1_IRQHandler
                0x00000000080016d4                UART7_IRQHandler
                0x00000000080016d4                USART2_IRQHandler
                0x00000000080016d4                I2C2_ER_IRQHandler
                0x00000000080016d4                DMA2_Stream1_IRQHandler
                0x00000000080016d4                CAN1_SCE_IRQHandler
                0x00000000080016d4                FLASH_IRQHandler
                0x00000000080016d4                DMA2_Stream4_IRQHandler
                0x00000000080016d4                USART1_IRQHandler
                0x00000000080016d4                OTG_FS_IRQHandler
                0x00000000080016d4                SPI3_IRQHandler
                0x00000000080016d4                DMA1_Stream4_IRQHandler
                0x00000000080016d4                I2C1_ER_IRQHandler
                0x00000000080016d4                FMC_IRQHandler
                0x00000000080016d4                DMA2_Stream6_IRQHandler
                0x00000000080016d4                SAI1_IRQHandler
                0x00000000080016d4                DMA1_Stream3_IRQHandler
 *fill*         0x00000000080016d6        0x2 
 .text.HAL_Init
                0x00000000080016d8       0x44 ./Drivers/STM32F4xx_HAL_Driver/Src/stm32f4xx_hal.o
                0x00000000080016d8                HAL_Init
 .text.HAL_IncTick
                0x000000000800171c       0x28 ./Drivers/STM32F4xx_HAL_Driver/Src/stm32f4xx_hal.o
                0x000000000800171c                HAL_IncTick
 .text.HAL_GetTick
                0x0000000008001744       0x18 ./Drivers/STM32F4xx_HAL_Driver/Src/stm32f4xx_hal.o
                0x0000000008001744                HAL_GetTick
 .text.HAL_Delay
                0x000000000800175c       0x48 ./Drivers/STM32F4xx_HAL_Driver/Src/stm32f4xx_hal.o
                0x000000000800175c                HAL_Delay
 .text.__NVIC_SetPriorityGrouping
                0x00000000080017a4       0x48 ./Drivers/STM32F4xx_HAL_Driver/Src/stm32f4xx_hal_cortex.o
 .text.__NVIC_GetPriorityGrouping
                0x00000000080017ec       0x1c ./Drivers/STM32F4xx_HAL_Driver/Src/stm32f4xx_hal_cortex.o
 .text.__NVIC_EnableIRQ
                0x0000000008001808       0x3c ./Drivers/STM32F4xx_HAL_Driver/Src/stm32f4xx_hal_cortex.o
 .text.__NVIC_SetPriority
                0x0000000008001844       0x54 ./Drivers/STM32F4xx_HAL_Driver/Src/stm32f4xx_hal_cortex.o
 .text.NVIC_EncodePriority
                0x0000000008001898       0x66 ./Drivers/STM32F4xx_HAL_Driver/Src/stm32f4xx_hal_cortex.o
 .text.HAL_NVIC_SetPriorityGrouping
                0x00000000080018fe       0x16 ./Drivers/STM32F4xx_HAL_Driver/Src/stm32f4xx_hal_cortex.o
                0x00000000080018fe                HAL_NVIC_SetPriorityGrouping
 .text.HAL_NVIC_SetPriority
                0x0000000008001914       0x38 ./Drivers/STM32F4xx_HAL_Driver/Src/stm32f4xx_hal_cortex.o
                0x0000000008001914                HAL_NVIC_SetPriority
 .text.HAL_NVIC_EnableIRQ
                0x000000000800194c       0x1c ./Drivers/STM32F4xx_HAL_Driver/Src/stm32f4xx_hal_cortex.o
                0x000000000800194c                HAL_NVIC_EnableIRQ
 .text.HAL_CRC_Init
                0x0000000008001968       0x38 ./Drivers/STM32F4xx_HAL_Driver/Src/stm32f4xx_hal_crc.o
                0x0000000008001968                HAL_CRC_Init
 .text.HAL_DMA2D_Init
                0x00000000080019a0       0x92 ./Drivers/STM32F4xx_HAL_Driver/Src/stm32f4xx_hal_dma2d.o
                0x00000000080019a0                HAL_DMA2D_Init
 .text.HAL_DMA2D_Start_IT
                0x0000000008001a32       0x66 ./Drivers/STM32F4xx_HAL_Driver/Src/stm32f4xx_hal_dma2d.o
                0x0000000008001a32                HAL_DMA2D_Start_IT
 .text.HAL_DMA2D_PollForTransfer
                0x0000000008001a98      0x1d2 ./Drivers/STM32F4xx_HAL_Driver/Src/stm32f4xx_hal_dma2d.o
                0x0000000008001a98                HAL_DMA2D_PollForTransfer
 .text.HAL_DMA2D_IRQHandler
                0x0000000008001c6a      0x1f8 ./Drivers/STM32F4xx_HAL_Driver/Src/stm32f4xx_hal_dma2d.o
                0x0000000008001c6a                HAL_DMA2D_IRQHandler
 .text.HAL_DMA2D_LineEventCallback
                0x0000000008001e62       0x14 ./Drivers/STM32F4xx_HAL_Driver/Src/stm32f4xx_hal_dma2d.o
                0x0000000008001e62                HAL_DMA2D_LineEventCallback
 .text.HAL_DMA2D_CLUTLoadingCpltCallback
                0x0000000008001e76       0x14 ./Drivers/STM32F4xx_HAL_Driver/Src/stm32f4xx_hal_dma2d.o
                0x0000000008001e76                HAL_DMA2D_CLUTLoadingCpltCallback
 .text.DMA2D_SetConfig
                0x0000000008001e8a      0x138 ./Drivers/STM32F4xx_HAL_Driver/Src/stm32f4xx_hal_dma2d.o
 *fill*         0x0000000008001fc2        0x2 
 .text.HAL_GPIO_Init
                0x0000000008001fc4      0x358 ./Drivers/STM32F4xx_HAL_Driver/Src/stm32f4xx_hal_gpio.o
                0x0000000008001fc4                HAL_GPIO_Init
 .text.HAL_GPIO_WritePin
                0x000000000800231c       0x32 ./Drivers/STM32F4xx_HAL_Driver/Src/stm32f4xx_hal_gpio.o
                0x000000000800231c                HAL_GPIO_WritePin
 *fill*         0x000000000800234e        0x2 
 .text.HAL_GPIO_EXTI_IRQHandler
                0x0000000008002350       0x30 ./Drivers/STM32F4xx_HAL_Driver/Src/stm32f4xx_hal_gpio.o
                0x0000000008002350                HAL_GPIO_EXTI_IRQHandler
 .text.HAL_HCD_Init
                0x0000000008002380       0xc4 ./Drivers/STM32F4xx_HAL_Driver/Src/stm32f4xx_hal_hcd.o
                0x0000000008002380                HAL_HCD_Init
 .text.HAL_HCD_HC_Init
                0x0000000008002444      0x11e ./Drivers/STM32F4xx_HAL_Driver/Src/stm32f4xx_hal_hcd.o
                0x0000000008002444                HAL_HCD_HC_Init
 .text.HAL_HCD_HC_Halt
                0x0000000008002562       0x46 ./Drivers/STM32F4xx_HAL_Driver/Src/stm32f4xx_hal_hcd.o
                0x0000000008002562                HAL_HCD_HC_Halt
 .text.HAL_HCD_HC_SubmitRequest
                0x00000000080025a8      0x2ac ./Drivers/STM32F4xx_HAL_Driver/Src/stm32f4xx_hal_hcd.o
                0x00000000080025a8                HAL_HCD_HC_SubmitRequest
 .text.HAL_HCD_IRQHandler
                0x0000000008002854      0x216 ./Drivers/STM32F4xx_HAL_Driver/Src/stm32f4xx_hal_hcd.o
                0x0000000008002854                HAL_HCD_IRQHandler
 .text.HAL_HCD_Start
                0x0000000008002a6a       0x46 ./Drivers/STM32F4xx_HAL_Driver/Src/stm32f4xx_hal_hcd.o
                0x0000000008002a6a                HAL_HCD_Start
 .text.HAL_HCD_Stop
                0x0000000008002ab0       0x3a ./Drivers/STM32F4xx_HAL_Driver/Src/stm32f4xx_hal_hcd.o
                0x0000000008002ab0                HAL_HCD_Stop
 .text.HAL_HCD_ResetPort
                0x0000000008002aea       0x1c ./Drivers/STM32F4xx_HAL_Driver/Src/stm32f4xx_hal_hcd.o
                0x0000000008002aea                HAL_HCD_ResetPort
 .text.HAL_HCD_HC_GetURBState
                0x0000000008002b06       0x28 ./Drivers/STM32F4xx_HAL_Driver/Src/stm32f4xx_hal_hcd.o
                0x0000000008002b06                HAL_HCD_HC_GetURBState
 .text.HAL_HCD_HC_GetXferCount
                0x0000000008002b2e       0x28 ./Drivers/STM32F4xx_HAL_Driver/Src/stm32f4xx_hal_hcd.o
                0x0000000008002b2e                HAL_HCD_HC_GetXferCount
 .text.HAL_HCD_GetCurrentFrame
                0x0000000008002b56       0x1c ./Drivers/STM32F4xx_HAL_Driver/Src/stm32f4xx_hal_hcd.o
                0x0000000008002b56                HAL_HCD_GetCurrentFrame
 .text.HAL_HCD_GetCurrentSpeed
                0x0000000008002b72       0x1c ./Drivers/STM32F4xx_HAL_Driver/Src/stm32f4xx_hal_hcd.o
                0x0000000008002b72                HAL_HCD_GetCurrentSpeed
 .text.HCD_HC_IN_IRQHandler
                0x0000000008002b8e      0x844 ./Drivers/STM32F4xx_HAL_Driver/Src/stm32f4xx_hal_hcd.o
 .text.HCD_HC_OUT_IRQHandler
                0x00000000080033d2      0x802 ./Drivers/STM32F4xx_HAL_Driver/Src/stm32f4xx_hal_hcd.o
 .text.HCD_RXQLVL_IRQHandler
                0x0000000008003bd4      0x1a4 ./Drivers/STM32F4xx_HAL_Driver/Src/stm32f4xx_hal_hcd.o
 .text.HCD_Port_IRQHandler
                0x0000000008003d78       0xe6 ./Drivers/STM32F4xx_HAL_Driver/Src/stm32f4xx_hal_hcd.o
 *fill*         0x0000000008003e5e        0x2 
 .text.HAL_I2C_Init
                0x0000000008003e60      0x288 ./Drivers/STM32F4xx_HAL_Driver/Src/stm32f4xx_hal_i2c.o
                0x0000000008003e60                HAL_I2C_Init
 .text.HAL_I2CEx_ConfigAnalogFilter
                0x00000000080040e8       0x78 ./Drivers/STM32F4xx_HAL_Driver/Src/stm32f4xx_hal_i2c_ex.o
                0x00000000080040e8                HAL_I2CEx_ConfigAnalogFilter
 .text.HAL_I2CEx_ConfigDigitalFilter
                0x0000000008004160       0x7e ./Drivers/STM32F4xx_HAL_Driver/Src/stm32f4xx_hal_i2c_ex.o
                0x0000000008004160                HAL_I2CEx_ConfigDigitalFilter
 *fill*         0x00000000080041de        0x2 
 .text.HAL_LTDC_Init
                0x00000000080041e0      0x1a0 ./Drivers/STM32F4xx_HAL_Driver/Src/stm32f4xx_hal_ltdc.o
                0x00000000080041e0                HAL_LTDC_Init
 .text.HAL_LTDC_IRQHandler
                0x0000000008004380      0x148 ./Drivers/STM32F4xx_HAL_Driver/Src/stm32f4xx_hal_ltdc.o
                0x0000000008004380                HAL_LTDC_IRQHandler
 .text.HAL_LTDC_ErrorCallback
                0x00000000080044c8       0x14 ./Drivers/STM32F4xx_HAL_Driver/Src/stm32f4xx_hal_ltdc.o
                0x00000000080044c8                HAL_LTDC_ErrorCallback
 .text.HAL_LTDC_LineEventCallback
                0x00000000080044dc       0x14 ./Drivers/STM32F4xx_HAL_Driver/Src/stm32f4xx_hal_ltdc.o
                0x00000000080044dc                HAL_LTDC_LineEventCallback
 .text.HAL_LTDC_ReloadEventCallback
                0x00000000080044f0       0x14 ./Drivers/STM32F4xx_HAL_Driver/Src/stm32f4xx_hal_ltdc.o
                0x00000000080044f0                HAL_LTDC_ReloadEventCallback
 .text.HAL_LTDC_ConfigLayer
                0x0000000008004504       0x7c ./Drivers/STM32F4xx_HAL_Driver/Src/stm32f4xx_hal_ltdc.o
                0x0000000008004504                HAL_LTDC_ConfigLayer
 .text.LTDC_SetConfig
                0x0000000008004580      0x32e ./Drivers/STM32F4xx_HAL_Driver/Src/stm32f4xx_hal_ltdc.o
 *fill*         0x00000000080048ae        0x2 
 .text.HAL_RCC_OscConfig
                0x00000000080048b0      0x4f0 ./Drivers/STM32F4xx_HAL_Driver/Src/stm32f4xx_hal_rcc.o
                0x00000000080048b0                HAL_RCC_OscConfig
 .text.HAL_RCC_ClockConfig
                0x0000000008004da0      0x1cc ./Drivers/STM32F4xx_HAL_Driver/Src/stm32f4xx_hal_rcc.o
                0x0000000008004da0                HAL_RCC_ClockConfig
 .text.HAL_RCC_GetSysClockFreq
                0x0000000008004f6c      0x1c4 ./Drivers/STM32F4xx_HAL_Driver/Src/stm32f4xx_hal_rcc.o
                0x0000000008004f6c                HAL_RCC_GetSysClockFreq
 .text.HAL_RCC_GetHCLKFreq
                0x0000000008005130       0x18 ./Drivers/STM32F4xx_HAL_Driver/Src/stm32f4xx_hal_rcc.o
                0x0000000008005130                HAL_RCC_GetHCLKFreq
 .text.HAL_RCC_GetPCLK1Freq
                0x0000000008005148       0x28 ./Drivers/STM32F4xx_HAL_Driver/Src/stm32f4xx_hal_rcc.o
                0x0000000008005148                HAL_RCC_GetPCLK1Freq
 .text.HAL_RCC_GetPCLK2Freq
                0x0000000008005170       0x28 ./Drivers/STM32F4xx_HAL_Driver/Src/stm32f4xx_hal_rcc.o
                0x0000000008005170                HAL_RCC_GetPCLK2Freq
 .text.HAL_RCC_GetClockConfig
                0x0000000008005198       0x64 ./Drivers/STM32F4xx_HAL_Driver/Src/stm32f4xx_hal_rcc.o
                0x0000000008005198                HAL_RCC_GetClockConfig
 .text.HAL_RCCEx_PeriphCLKConfig
                0x00000000080051fc      0x37c ./Drivers/STM32F4xx_HAL_Driver/Src/stm32f4xx_hal_rcc_ex.o
                0x00000000080051fc                HAL_RCCEx_PeriphCLKConfig
 .text.HAL_SDRAM_Init
                0x0000000008005578       0x68 ./Drivers/STM32F4xx_HAL_Driver/Src/stm32f4xx_hal_sdram.o
                0x0000000008005578                HAL_SDRAM_Init
 .text.HAL_SPI_Init
                0x00000000080055e0      0x112 ./Drivers/STM32F4xx_HAL_Driver/Src/stm32f4xx_hal_spi.o
                0x00000000080055e0                HAL_SPI_Init
 .text.HAL_SPI_Transmit
                0x00000000080056f2      0x278 ./Drivers/STM32F4xx_HAL_Driver/Src/stm32f4xx_hal_spi.o
                0x00000000080056f2                HAL_SPI_Transmit
 *fill*         0x000000000800596a        0x2 
 .text.SPI_WaitFlagStateUntilTimeout
                0x000000000800596c      0x110 ./Drivers/STM32F4xx_HAL_Driver/Src/stm32f4xx_hal_spi.o
 .text.SPI_EndRxTxTransaction
                0x0000000008005a7c       0x84 ./Drivers/STM32F4xx_HAL_Driver/Src/stm32f4xx_hal_spi.o
 .text.HAL_TIM_Base_Init
                0x0000000008005b00       0x9e ./Drivers/STM32F4xx_HAL_Driver/Src/stm32f4xx_hal_tim.o
                0x0000000008005b00                HAL_TIM_Base_Init
 *fill*         0x0000000008005b9e        0x2 
 .text.HAL_TIM_Base_Start_IT
                0x0000000008005ba0       0xe0 ./Drivers/STM32F4xx_HAL_Driver/Src/stm32f4xx_hal_tim.o
                0x0000000008005ba0                HAL_TIM_Base_Start_IT
 .text.HAL_TIM_IRQHandler
                0x0000000008005c80      0x210 ./Drivers/STM32F4xx_HAL_Driver/Src/stm32f4xx_hal_tim.o
                0x0000000008005c80                HAL_TIM_IRQHandler
 .text.HAL_TIM_ConfigClockSource
                0x0000000008005e90      0x18e ./Drivers/STM32F4xx_HAL_Driver/Src/stm32f4xx_hal_tim.o
                0x0000000008005e90                HAL_TIM_ConfigClockSource
 .text.HAL_TIM_OC_DelayElapsedCallback
                0x000000000800601e       0x14 ./Drivers/STM32F4xx_HAL_Driver/Src/stm32f4xx_hal_tim.o
                0x000000000800601e                HAL_TIM_OC_DelayElapsedCallback
 .text.HAL_TIM_IC_CaptureCallback
                0x0000000008006032       0x14 ./Drivers/STM32F4xx_HAL_Driver/Src/stm32f4xx_hal_tim.o
                0x0000000008006032                HAL_TIM_IC_CaptureCallback
 .text.HAL_TIM_PWM_PulseFinishedCallback
                0x0000000008006046       0x14 ./Drivers/STM32F4xx_HAL_Driver/Src/stm32f4xx_hal_tim.o
                0x0000000008006046                HAL_TIM_PWM_PulseFinishedCallback
 .text.HAL_TIM_TriggerCallback
                0x000000000800605a       0x14 ./Drivers/STM32F4xx_HAL_Driver/Src/stm32f4xx_hal_tim.o
                0x000000000800605a                HAL_TIM_TriggerCallback
 *fill*         0x000000000800606e        0x2 
 .text.TIM_Base_SetConfig
                0x0000000008006070      0x140 ./Drivers/STM32F4xx_HAL_Driver/Src/stm32f4xx_hal_tim.o
                0x0000000008006070                TIM_Base_SetConfig
 .text.TIM_TI1_ConfigInputStage
                0x00000000080061b0       0x5e ./Drivers/STM32F4xx_HAL_Driver/Src/stm32f4xx_hal_tim.o
 .text.TIM_TI2_ConfigInputStage
                0x000000000800620e       0x60 ./Drivers/STM32F4xx_HAL_Driver/Src/stm32f4xx_hal_tim.o
 .text.TIM_ITRx_SetConfig
                0x000000000800626e       0x36 ./Drivers/STM32F4xx_HAL_Driver/Src/stm32f4xx_hal_tim.o
 .text.TIM_ETR_SetConfig
                0x00000000080062a4       0x40 ./Drivers/STM32F4xx_HAL_Driver/Src/stm32f4xx_hal_tim.o
                0x00000000080062a4                TIM_ETR_SetConfig
 .text.HAL_TIMEx_MasterConfigSynchronization
                0x00000000080062e4       0xf8 ./Drivers/STM32F4xx_HAL_Driver/Src/stm32f4xx_hal_tim_ex.o
                0x00000000080062e4                HAL_TIMEx_MasterConfigSynchronization
 .text.HAL_TIMEx_CommutCallback
                0x00000000080063dc       0x14 ./Drivers/STM32F4xx_HAL_Driver/Src/stm32f4xx_hal_tim_ex.o
                0x00000000080063dc                HAL_TIMEx_CommutCallback
 .text.HAL_TIMEx_BreakCallback
                0x00000000080063f0       0x14 ./Drivers/STM32F4xx_HAL_Driver/Src/stm32f4xx_hal_tim_ex.o
                0x00000000080063f0                HAL_TIMEx_BreakCallback
 .text.HAL_UART_Init
                0x0000000008006404       0x9a ./Drivers/STM32F4xx_HAL_Driver/Src/stm32f4xx_hal_uart.o
                0x0000000008006404                HAL_UART_Init
 *fill*         0x000000000800649e        0x2 
 .text.UART_SetConfig
                0x00000000080064a0      0x390 ./Drivers/STM32F4xx_HAL_Driver/Src/stm32f4xx_hal_uart.o
 .text.FMC_SDRAM_Init
                0x0000000008006830       0xe6 ./Drivers/STM32F4xx_HAL_Driver/Src/stm32f4xx_ll_fmc.o
                0x0000000008006830                FMC_SDRAM_Init
 .text.FMC_SDRAM_Timing_Init
                0x0000000008006916       0xfe ./Drivers/STM32F4xx_HAL_Driver/Src/stm32f4xx_ll_fmc.o
                0x0000000008006916                FMC_SDRAM_Timing_Init
 .text.FMC_SDRAM_SendCommand
                0x0000000008006a14       0x78 ./Drivers/STM32F4xx_HAL_Driver/Src/stm32f4xx_ll_fmc.o
                0x0000000008006a14                FMC_SDRAM_SendCommand
 .text.FMC_SDRAM_ProgramRefreshRate
                0x0000000008006a8c       0x26 ./Drivers/STM32F4xx_HAL_Driver/Src/stm32f4xx_ll_fmc.o
                0x0000000008006a8c                FMC_SDRAM_ProgramRefreshRate
 .text.USB_CoreInit
                0x0000000008006ab2       0xc2 ./Drivers/STM32F4xx_HAL_Driver/Src/stm32f4xx_ll_usb.o
                0x0000000008006ab2                USB_CoreInit
 .text.USB_EnableGlobalInt
                0x0000000008006b74       0x22 ./Drivers/STM32F4xx_HAL_Driver/Src/stm32f4xx_ll_usb.o
                0x0000000008006b74                USB_EnableGlobalInt
 .text.USB_DisableGlobalInt
                0x0000000008006b96       0x22 ./Drivers/STM32F4xx_HAL_Driver/Src/stm32f4xx_ll_usb.o
                0x0000000008006b96                USB_DisableGlobalInt
 .text.USB_SetCurrentMode
                0x0000000008006bb8       0x98 ./Drivers/STM32F4xx_HAL_Driver/Src/stm32f4xx_ll_usb.o
                0x0000000008006bb8                USB_SetCurrentMode
 .text.USB_FlushTxFifo
                0x0000000008006c50       0x48 ./Drivers/STM32F4xx_HAL_Driver/Src/stm32f4xx_ll_usb.o
                0x0000000008006c50                USB_FlushTxFifo
 .text.USB_FlushRxFifo
                0x0000000008006c98       0x40 ./Drivers/STM32F4xx_HAL_Driver/Src/stm32f4xx_ll_usb.o
                0x0000000008006c98                USB_FlushRxFifo
 .text.USB_WritePacket
                0x0000000008006cd8       0x7c ./Drivers/STM32F4xx_HAL_Driver/Src/stm32f4xx_ll_usb.o
                0x0000000008006cd8                USB_WritePacket
 .text.USB_ReadPacket
                0x0000000008006d54       0xb0 ./Drivers/STM32F4xx_HAL_Driver/Src/stm32f4xx_ll_usb.o
                0x0000000008006d54                USB_ReadPacket
 .text.USB_ReadInterrupts
                0x0000000008006e04       0x26 ./Drivers/STM32F4xx_HAL_Driver/Src/stm32f4xx_ll_usb.o
                0x0000000008006e04                USB_ReadInterrupts
 .text.USB_GetMode
                0x0000000008006e2a       0x1c ./Drivers/STM32F4xx_HAL_Driver/Src/stm32f4xx_ll_usb.o
                0x0000000008006e2a                USB_GetMode
 *fill*         0x0000000008006e46        0x2 
 .text.USB_CoreReset
                0x0000000008006e48       0x64 ./Drivers/STM32F4xx_HAL_Driver/Src/stm32f4xx_ll_usb.o
 .text.USB_HostInit
                0x0000000008006eac      0x168 ./Drivers/STM32F4xx_HAL_Driver/Src/stm32f4xx_ll_usb.o
                0x0000000008006eac                USB_HostInit
 .text.USB_InitFSLSPClkSel
                0x0000000008007014       0x74 ./Drivers/STM32F4xx_HAL_Driver/Src/stm32f4xx_ll_usb.o
                0x0000000008007014                USB_InitFSLSPClkSel
 .text.USB_ResetPort
                0x0000000008007088       0x54 ./Drivers/STM32F4xx_HAL_Driver/Src/stm32f4xx_ll_usb.o
                0x0000000008007088                USB_ResetPort
 .text.USB_DriveVbus
                0x00000000080070dc       0x72 ./Drivers/STM32F4xx_HAL_Driver/Src/stm32f4xx_ll_usb.o
                0x00000000080070dc                USB_DriveVbus
 .text.USB_GetHostSpeed
                0x000000000800714e       0x2e ./Drivers/STM32F4xx_HAL_Driver/Src/stm32f4xx_ll_usb.o
                0x000000000800714e                USB_GetHostSpeed
 .text.USB_GetCurrentFrame
                0x000000000800717c       0x22 ./Drivers/STM32F4xx_HAL_Driver/Src/stm32f4xx_ll_usb.o
                0x000000000800717c                USB_GetCurrentFrame
 *fill*         0x000000000800719e        0x2 
 .text.USB_HC_Init
                0x00000000080071a0      0x21c ./Drivers/STM32F4xx_HAL_Driver/Src/stm32f4xx_ll_usb.o
                0x00000000080071a0                USB_HC_Init
 .text.USB_HC_StartXfer
                0x00000000080073bc      0x284 ./Drivers/STM32F4xx_HAL_Driver/Src/stm32f4xx_ll_usb.o
                0x00000000080073bc                USB_HC_StartXfer
 .text.USB_HC_ReadInterrupt
                0x0000000008007640       0x22 ./Drivers/STM32F4xx_HAL_Driver/Src/stm32f4xx_ll_usb.o
                0x0000000008007640                USB_HC_ReadInterrupt
 .text.USB_HC_Halt
                0x0000000008007662      0x238 ./Drivers/STM32F4xx_HAL_Driver/Src/stm32f4xx_ll_usb.o
                0x0000000008007662                USB_HC_Halt
 *fill*         0x000000000800789a        0x2 
 .text.USB_DoPing
                0x000000000800789c       0x78 ./Drivers/STM32F4xx_HAL_Driver/Src/stm32f4xx_ll_usb.o
                0x000000000800789c                USB_DoPing
 .text.USB_StopHost
                0x0000000008007914      0x10c ./Drivers/STM32F4xx_HAL_Driver/Src/stm32f4xx_ll_usb.o
                0x0000000008007914                USB_StopHost
 .text.USBH_CDC_InterfaceInit
                0x0000000008007a20      0x2ac ./Middlewares/ST/STM32_USB_Host_Library/Class/CDC/Src/usbh_cdc.o
 .text.USBH_CDC_InterfaceDeInit
                0x0000000008007ccc       0xb2 ./Middlewares/ST/STM32_USB_Host_Library/Class/CDC/Src/usbh_cdc.o
 .text.USBH_CDC_ClassRequest
                0x0000000008007d7e       0x3e ./Middlewares/ST/STM32_USB_Host_Library/Class/CDC/Src/usbh_cdc.o
 .text.USBH_CDC_Process
                0x0000000008007dbc      0x12c ./Middlewares/ST/STM32_USB_Host_Library/Class/CDC/Src/usbh_cdc.o
 .text.USBH_CDC_SOFProcess
                0x0000000008007ee8       0x16 ./Middlewares/ST/STM32_USB_Host_Library/Class/CDC/Src/usbh_cdc.o
 .text.GetLineCoding
                0x0000000008007efe       0x3e ./Middlewares/ST/STM32_USB_Host_Library/Class/CDC/Src/usbh_cdc.o
 .text.SetLineCoding
                0x0000000008007f3c       0x3e ./Middlewares/ST/STM32_USB_Host_Library/Class/CDC/Src/usbh_cdc.o
 .text.CDC_ProcessTransmission
                0x0000000008007f7a      0x124 ./Middlewares/ST/STM32_USB_Host_Library/Class/CDC/Src/usbh_cdc.o
 .text.CDC_ProcessReception
                0x000000000800809e       0xd2 ./Middlewares/ST/STM32_USB_Host_Library/Class/CDC/Src/usbh_cdc.o
 .text.USBH_CDC_TransmitCallback
                0x0000000008008170       0x14 ./Middlewares/ST/STM32_USB_Host_Library/Class/CDC/Src/usbh_cdc.o
                0x0000000008008170                USBH_CDC_TransmitCallback
 .text.USBH_CDC_ReceiveCallback
                0x0000000008008184       0x14 ./Middlewares/ST/STM32_USB_Host_Library/Class/CDC/Src/usbh_cdc.o
                0x0000000008008184                USBH_CDC_ReceiveCallback
 .text.USBH_CDC_LineCodingChanged
                0x0000000008008198       0x14 ./Middlewares/ST/STM32_USB_Host_Library/Class/CDC/Src/usbh_cdc.o
                0x0000000008008198                USBH_CDC_LineCodingChanged
 .text.USBH_Init
                0x00000000080081ac       0xb8 ./Middlewares/ST/STM32_USB_Host_Library/Core/Src/usbh_core.o
                0x00000000080081ac                USBH_Init
 .text.DeInitStateMachine
                0x0000000008008264       0xa8 ./Middlewares/ST/STM32_USB_Host_Library/Core/Src/usbh_core.o
 .text.USBH_RegisterClass
                0x000000000800830c       0x54 ./Middlewares/ST/STM32_USB_Host_Library/Core/Src/usbh_core.o
                0x000000000800830c                USBH_RegisterClass
 .text.USBH_SelectInterface
                0x0000000008008360       0x38 ./Middlewares/ST/STM32_USB_Host_Library/Core/Src/usbh_core.o
                0x0000000008008360                USBH_SelectInterface
 .text.USBH_FindInterface
                0x0000000008008398       0x8c ./Middlewares/ST/STM32_USB_Host_Library/Core/Src/usbh_core.o
                0x0000000008008398                USBH_FindInterface
 .text.USBH_Start
                0x0000000008008424       0x20 ./Middlewares/ST/STM32_USB_Host_Library/Core/Src/usbh_core.o
                0x0000000008008424                USBH_Start
 .text.USBH_Process
                0x0000000008008444      0x4c4 ./Middlewares/ST/STM32_USB_Host_Library/Core/Src/usbh_core.o
                0x0000000008008444                USBH_Process
 .text.USBH_HandleEnum
                0x0000000008008908      0x458 ./Middlewares/ST/STM32_USB_Host_Library/Core/Src/usbh_core.o
 .text.USBH_LL_SetTimer
                0x0000000008008d60       0x1e ./Middlewares/ST/STM32_USB_Host_Library/Core/Src/usbh_core.o
                0x0000000008008d60                USBH_LL_SetTimer
 .text.USBH_LL_IncTimer
                0x0000000008008d7e       0x24 ./Middlewares/ST/STM32_USB_Host_Library/Core/Src/usbh_core.o
                0x0000000008008d7e                USBH_LL_IncTimer
 .text.USBH_HandleSof
                0x0000000008008da2       0x30 ./Middlewares/ST/STM32_USB_Host_Library/Core/Src/usbh_core.o
 .text.USBH_LL_PortEnabled
                0x0000000008008dd2       0x34 ./Middlewares/ST/STM32_USB_Host_Library/Core/Src/usbh_core.o
                0x0000000008008dd2                USBH_LL_PortEnabled
 .text.USBH_LL_PortDisabled
                0x0000000008008e06       0x1c ./Middlewares/ST/STM32_USB_Host_Library/Core/Src/usbh_core.o
                0x0000000008008e06                USBH_LL_PortDisabled
 .text.USBH_LL_Connect
                0x0000000008008e22       0x46 ./Middlewares/ST/STM32_USB_Host_Library/Core/Src/usbh_core.o
                0x0000000008008e22                USBH_LL_Connect
 .text.USBH_LL_Disconnect
                0x0000000008008e68       0x64 ./Middlewares/ST/STM32_USB_Host_Library/Core/Src/usbh_core.o
                0x0000000008008e68                USBH_LL_Disconnect
 .text.USBH_Process_OS
                0x0000000008008ecc       0x2e ./Middlewares/ST/STM32_USB_Host_Library/Core/Src/usbh_core.o
 .text.USBH_LL_NotifyURBChange
                0x0000000008008efa       0x2e ./Middlewares/ST/STM32_USB_Host_Library/Core/Src/usbh_core.o
                0x0000000008008efa                USBH_LL_NotifyURBChange
 .text.USBH_Get_DevDesc
                0x0000000008008f28       0x50 ./Middlewares/ST/STM32_USB_Host_Library/Core/Src/usbh_ctlreq.o
                0x0000000008008f28                USBH_Get_DevDesc
 .text.USBH_Get_CfgDesc
                0x0000000008008f78       0x48 ./Middlewares/ST/STM32_USB_Host_Library/Core/Src/usbh_ctlreq.o
                0x0000000008008f78                USBH_Get_CfgDesc
 .text.USBH_Get_StringDesc
                0x0000000008008fc0       0x56 ./Middlewares/ST/STM32_USB_Host_Library/Core/Src/usbh_ctlreq.o
                0x0000000008008fc0                USBH_Get_StringDesc
 .text.USBH_GetDescriptor
                0x0000000008009016       0x6a ./Middlewares/ST/STM32_USB_Host_Library/Core/Src/usbh_ctlreq.o
                0x0000000008009016                USBH_GetDescriptor
 .text.USBH_SetAddress
                0x0000000008009080       0x48 ./Middlewares/ST/STM32_USB_Host_Library/Core/Src/usbh_ctlreq.o
                0x0000000008009080                USBH_SetAddress
 .text.USBH_SetCfg
                0x00000000080090c8       0x46 ./Middlewares/ST/STM32_USB_Host_Library/Core/Src/usbh_ctlreq.o
                0x00000000080090c8                USBH_SetCfg
 .text.USBH_SetFeature
                0x000000000800910e       0x48 ./Middlewares/ST/STM32_USB_Host_Library/Core/Src/usbh_ctlreq.o
                0x000000000800910e                USBH_SetFeature
 .text.USBH_ClrFeature
                0x0000000008009156       0x48 ./Middlewares/ST/STM32_USB_Host_Library/Core/Src/usbh_ctlreq.o
                0x0000000008009156                USBH_ClrFeature
 .text.USBH_ParseDevDesc
                0x000000000800919e       0xe0 ./Middlewares/ST/STM32_USB_Host_Library/Core/Src/usbh_ctlreq.o
 .text.USBH_ParseCfgDesc
                0x000000000800927e      0x144 ./Middlewares/ST/STM32_USB_Host_Library/Core/Src/usbh_ctlreq.o
 .text.USBH_ParseInterfaceDesc
                0x00000000080093c2       0x5e ./Middlewares/ST/STM32_USB_Host_Library/Core/Src/usbh_ctlreq.o
 .text.USBH_ParseEPDesc
                0x0000000008009420       0x5a ./Middlewares/ST/STM32_USB_Host_Library/Core/Src/usbh_ctlreq.o
 .text.USBH_ParseStringDesc
                0x000000000800947a       0x66 ./Middlewares/ST/STM32_USB_Host_Library/Core/Src/usbh_ctlreq.o
 .text.USBH_GetNextDesc
                0x00000000080094e0       0x36 ./Middlewares/ST/STM32_USB_Host_Library/Core/Src/usbh_ctlreq.o
                0x00000000080094e0                USBH_GetNextDesc
 .text.USBH_CtlReq
                0x0000000008009516       0xb2 ./Middlewares/ST/STM32_USB_Host_Library/Core/Src/usbh_ctlreq.o
                0x0000000008009516                USBH_CtlReq
 .text.USBH_HandleControl
                0x00000000080095c8      0x490 ./Middlewares/ST/STM32_USB_Host_Library/Core/Src/usbh_ctlreq.o
 .text.USBH_CtlSendSetup
                0x0000000008009a58       0x34 ./Middlewares/ST/STM32_USB_Host_Library/Core/Src/usbh_ioreq.o
                0x0000000008009a58                USBH_CtlSendSetup
 .text.USBH_CtlSendData
                0x0000000008009a8c       0x4a ./Middlewares/ST/STM32_USB_Host_Library/Core/Src/usbh_ioreq.o
                0x0000000008009a8c                USBH_CtlSendData
 .text.USBH_CtlReceiveData
                0x0000000008009ad6       0x3c ./Middlewares/ST/STM32_USB_Host_Library/Core/Src/usbh_ioreq.o
                0x0000000008009ad6                USBH_CtlReceiveData
 .text.USBH_BulkSendData
                0x0000000008009b12       0x4a ./Middlewares/ST/STM32_USB_Host_Library/Core/Src/usbh_ioreq.o
                0x0000000008009b12                USBH_BulkSendData
 .text.USBH_BulkReceiveData
                0x0000000008009b5c       0x3c ./Middlewares/ST/STM32_USB_Host_Library/Core/Src/usbh_ioreq.o
                0x0000000008009b5c                USBH_BulkReceiveData
 .text.USBH_OpenPipe
                0x0000000008009b98       0x3e ./Middlewares/ST/STM32_USB_Host_Library/Core/Src/usbh_pipes.o
                0x0000000008009b98                USBH_OpenPipe
 .text.USBH_ClosePipe
                0x0000000008009bd6       0x20 ./Middlewares/ST/STM32_USB_Host_Library/Core/Src/usbh_pipes.o
                0x0000000008009bd6                USBH_ClosePipe
 .text.USBH_AllocPipe
                0x0000000008009bf6       0x42 ./Middlewares/ST/STM32_USB_Host_Library/Core/Src/usbh_pipes.o
                0x0000000008009bf6                USBH_AllocPipe
 .text.USBH_FreePipe
                0x0000000008009c38       0x3c ./Middlewares/ST/STM32_USB_Host_Library/Core/Src/usbh_pipes.o
                0x0000000008009c38                USBH_FreePipe
 .text.USBH_GetFreePipe
                0x0000000008009c74       0x48 ./Middlewares/ST/STM32_USB_Host_Library/Core/Src/usbh_pipes.o
 .text.__NVIC_SetPriority
                0x0000000008009cbc       0x54 ./Middlewares/Third_Party/FreeRTOS/Source/CMSIS_RTOS_V2/cmsis_os2.o
 .text.SysTick_Handler
                0x0000000008009d10       0x20 ./Middlewares/Third_Party/FreeRTOS/Source/CMSIS_RTOS_V2/cmsis_os2.o
                0x0000000008009d10                SysTick_Handler
 .text.SVC_Setup
                0x0000000008009d30       0x12 ./Middlewares/Third_Party/FreeRTOS/Source/CMSIS_RTOS_V2/cmsis_os2.o
 *fill*         0x0000000008009d42        0x2 
 .text.osKernelInitialize
                0x0000000008009d44       0x48 ./Middlewares/Third_Party/FreeRTOS/Source/CMSIS_RTOS_V2/cmsis_os2.o
                0x0000000008009d44                osKernelInitialize
 .text.osKernelStart
                0x0000000008009d8c       0x4c ./Middlewares/Third_Party/FreeRTOS/Source/CMSIS_RTOS_V2/cmsis_os2.o
                0x0000000008009d8c                osKernelStart
 .text.osThreadNew
                0x0000000008009dd8      0x124 ./Middlewares/Third_Party/FreeRTOS/Source/CMSIS_RTOS_V2/cmsis_os2.o
                0x0000000008009dd8                osThreadNew
 .text.osDelay  0x0000000008009efc       0x36 ./Middlewares/Third_Party/FreeRTOS/Source/CMSIS_RTOS_V2/cmsis_os2.o
                0x0000000008009efc                osDelay
 .text.osMessageQueueNew
                0x0000000008009f32       0xe6 ./Middlewares/Third_Party/FreeRTOS/Source/CMSIS_RTOS_V2/cmsis_os2.o
                0x0000000008009f32                osMessageQueueNew
 .text.osMessageQueuePut
                0x000000000800a018       0xc0 ./Middlewares/Third_Party/FreeRTOS/Source/CMSIS_RTOS_V2/cmsis_os2.o
                0x000000000800a018                osMessageQueuePut
 .text.osMessageQueueGet
                0x000000000800a0d8       0xbc ./Middlewares/Third_Party/FreeRTOS/Source/CMSIS_RTOS_V2/cmsis_os2.o
                0x000000000800a0d8                osMessageQueueGet
 .text.vApplicationGetIdleTaskMemory
                0x000000000800a194       0x34 ./Middlewares/Third_Party/FreeRTOS/Source/CMSIS_RTOS_V2/cmsis_os2.o
                0x000000000800a194                vApplicationGetIdleTaskMemory
 .text.vApplicationGetTimerTaskMemory
                0x000000000800a1c8       0x34 ./Middlewares/Third_Party/FreeRTOS/Source/CMSIS_RTOS_V2/cmsis_os2.o
                0x000000000800a1c8                vApplicationGetTimerTaskMemory
 .text.vListInitialise
                0x000000000800a1fc       0x40 ./Middlewares/Third_Party/FreeRTOS/Source/list.o
                0x000000000800a1fc                vListInitialise
 .text.vListInitialiseItem
                0x000000000800a23c       0x1a ./Middlewares/Third_Party/FreeRTOS/Source/list.o
                0x000000000800a23c                vListInitialiseItem
 .text.vListInsertEnd
                0x000000000800a256       0x48 ./Middlewares/Third_Party/FreeRTOS/Source/list.o
                0x000000000800a256                vListInsertEnd
 .text.vListInsert
                0x000000000800a29e       0x72 ./Middlewares/Third_Party/FreeRTOS/Source/list.o
                0x000000000800a29e                vListInsert
 .text.uxListRemove
                0x000000000800a310       0x54 ./Middlewares/Third_Party/FreeRTOS/Source/list.o
                0x000000000800a310                uxListRemove
 .text.xQueueGenericReset
                0x000000000800a364       0xd0 ./Middlewares/Third_Party/FreeRTOS/Source/queue.o
                0x000000000800a364                xQueueGenericReset
 .text.xQueueGenericCreateStatic
                0x000000000800a434       0xf0 ./Middlewares/Third_Party/FreeRTOS/Source/queue.o
                0x000000000800a434                xQueueGenericCreateStatic
 .text.xQueueGenericCreate
                0x000000000800a524       0x74 ./Middlewares/Third_Party/FreeRTOS/Source/queue.o
                0x000000000800a524                xQueueGenericCreate
 .text.prvInitialiseNewQueue
                0x000000000800a598       0x46 ./Middlewares/Third_Party/FreeRTOS/Source/queue.o
 *fill*         0x000000000800a5de        0x2 
 .text.xQueueGenericSend
                0x000000000800a5e0      0x1fc ./Middlewares/Third_Party/FreeRTOS/Source/queue.o
                0x000000000800a5e0                xQueueGenericSend
 .text.xQueueGenericSendFromISR
                0x000000000800a7dc      0x136 ./Middlewares/Third_Party/FreeRTOS/Source/queue.o
                0x000000000800a7dc                xQueueGenericSendFromISR
 *fill*         0x000000000800a912        0x2 
 .text.xQueueReceive
                0x000000000800a914      0x1c0 ./Middlewares/Third_Party/FreeRTOS/Source/queue.o
                0x000000000800a914                xQueueReceive
 .text.xQueueReceiveFromISR
                0x000000000800aad4      0x100 ./Middlewares/Third_Party/FreeRTOS/Source/queue.o
                0x000000000800aad4                xQueueReceiveFromISR
 .text.prvCopyDataToQueue
                0x000000000800abd4       0xd4 ./Middlewares/Third_Party/FreeRTOS/Source/queue.o
 .text.prvCopyDataFromQueue
                0x000000000800aca8       0x4c ./Middlewares/Third_Party/FreeRTOS/Source/queue.o
 .text.prvUnlockQueue
                0x000000000800acf4       0xa4 ./Middlewares/Third_Party/FreeRTOS/Source/queue.o
 .text.prvIsQueueEmpty
                0x000000000800ad98       0x2c ./Middlewares/Third_Party/FreeRTOS/Source/queue.o
 .text.prvIsQueueFull
                0x000000000800adc4       0x30 ./Middlewares/Third_Party/FreeRTOS/Source/queue.o
 .text.vQueueAddToRegistry
                0x000000000800adf4       0x54 ./Middlewares/Third_Party/FreeRTOS/Source/queue.o
                0x000000000800adf4                vQueueAddToRegistry
 .text.vQueueWaitForMessageRestricted
                0x000000000800ae48       0x68 ./Middlewares/Third_Party/FreeRTOS/Source/queue.o
                0x000000000800ae48                vQueueWaitForMessageRestricted
 .text.xTaskCreateStatic
                0x000000000800aeb0       0xba ./Middlewares/Third_Party/FreeRTOS/Source/tasks.o
                0x000000000800aeb0                xTaskCreateStatic
 .text.xTaskCreate
                0x000000000800af6a       0x8a ./Middlewares/Third_Party/FreeRTOS/Source/tasks.o
                0x000000000800af6a                xTaskCreate
 .text.prvInitialiseNewTask
                0x000000000800aff4      0x14c ./Middlewares/Third_Party/FreeRTOS/Source/tasks.o
 .text.prvAddNewTaskToReadyList
                0x000000000800b140       0xe0 ./Middlewares/Third_Party/FreeRTOS/Source/tasks.o
 .text.vTaskDelay
                0x000000000800b220       0x68 ./Middlewares/Third_Party/FreeRTOS/Source/tasks.o
                0x000000000800b220                vTaskDelay
 .text.vTaskStartScheduler
                0x000000000800b288       0xe0 ./Middlewares/Third_Party/FreeRTOS/Source/tasks.o
                0x000000000800b288                vTaskStartScheduler
 .text.vTaskSuspendAll
                0x000000000800b368       0x1c ./Middlewares/Third_Party/FreeRTOS/Source/tasks.o
                0x000000000800b368                vTaskSuspendAll
 .text.xTaskResumeAll
                0x000000000800b384      0x13c ./Middlewares/Third_Party/FreeRTOS/Source/tasks.o
                0x000000000800b384                xTaskResumeAll
 .text.xTaskGetTickCount
                0x000000000800b4c0       0x20 ./Middlewares/Third_Party/FreeRTOS/Source/tasks.o
                0x000000000800b4c0                xTaskGetTickCount
 .text.xTaskIncrementTick
                0x000000000800b4e0      0x174 ./Middlewares/Third_Party/FreeRTOS/Source/tasks.o
                0x000000000800b4e0                xTaskIncrementTick
 .text.vTaskSwitchContext
                0x000000000800b654       0xc8 ./Middlewares/Third_Party/FreeRTOS/Source/tasks.o
                0x000000000800b654                vTaskSwitchContext
 .text.vTaskPlaceOnEventList
                0x000000000800b71c       0x48 ./Middlewares/Third_Party/FreeRTOS/Source/tasks.o
                0x000000000800b71c                vTaskPlaceOnEventList
 .text.vTaskPlaceOnEventListRestricted
                0x000000000800b764       0x58 ./Middlewares/Third_Party/FreeRTOS/Source/tasks.o
                0x000000000800b764                vTaskPlaceOnEventListRestricted
 .text.xTaskRemoveFromEventList
                0x000000000800b7bc       0xc8 ./Middlewares/Third_Party/FreeRTOS/Source/tasks.o
                0x000000000800b7bc                xTaskRemoveFromEventList
 .text.vTaskInternalSetTimeOutState
                0x000000000800b884       0x2c ./Middlewares/Third_Party/FreeRTOS/Source/tasks.o
                0x000000000800b884                vTaskInternalSetTimeOutState
 .text.xTaskCheckForTimeOut
                0x000000000800b8b0       0xc4 ./Middlewares/Third_Party/FreeRTOS/Source/tasks.o
                0x000000000800b8b0                xTaskCheckForTimeOut
 .text.vTaskMissedYield
                0x000000000800b974       0x18 ./Middlewares/Third_Party/FreeRTOS/Source/tasks.o
                0x000000000800b974                vTaskMissedYield
 .text.prvIdleTask
                0x000000000800b98c       0x30 ./Middlewares/Third_Party/FreeRTOS/Source/tasks.o
 .text.prvInitialiseTaskLists
                0x000000000800b9bc       0x80 ./Middlewares/Third_Party/FreeRTOS/Source/tasks.o
 .text.prvCheckTasksWaitingTermination
                0x000000000800ba3c       0x5c ./Middlewares/Third_Party/FreeRTOS/Source/tasks.o
 .text.prvDeleteTCB
                0x000000000800ba98       0x68 ./Middlewares/Third_Party/FreeRTOS/Source/tasks.o
 .text.prvResetNextTaskUnblockTime
                0x000000000800bb00       0x40 ./Middlewares/Third_Party/FreeRTOS/Source/tasks.o
 .text.xTaskGetSchedulerState
                0x000000000800bb40       0x3c ./Middlewares/Third_Party/FreeRTOS/Source/tasks.o
                0x000000000800bb40                xTaskGetSchedulerState
 .text.xTaskPriorityDisinherit
                0x000000000800bb7c       0xdc ./Middlewares/Third_Party/FreeRTOS/Source/tasks.o
                0x000000000800bb7c                xTaskPriorityDisinherit
 .text.prvAddCurrentTaskToDelayedList
                0x000000000800bc58       0xa8 ./Middlewares/Third_Party/FreeRTOS/Source/tasks.o
 .text.xTimerCreateTimerTask
                0x000000000800bd00       0x90 ./Middlewares/Third_Party/FreeRTOS/Source/timers.o
                0x000000000800bd00                xTimerCreateTimerTask
 .text.xTimerGenericCommand
                0x000000000800bd90       0x9c ./Middlewares/Third_Party/FreeRTOS/Source/timers.o
                0x000000000800bd90                xTimerGenericCommand
 .text.prvProcessExpiredTimer
                0x000000000800be2c       0x98 ./Middlewares/Third_Party/FreeRTOS/Source/timers.o
 .text.prvTimerTask
                0x000000000800bec4       0x24 ./Middlewares/Third_Party/FreeRTOS/Source/timers.o
 .text.prvProcessTimerOrBlockTask
                0x000000000800bee8       0x9c ./Middlewares/Third_Party/FreeRTOS/Source/timers.o
 .text.prvGetNextExpireTime
                0x000000000800bf84       0x48 ./Middlewares/Third_Party/FreeRTOS/Source/timers.o
 .text.prvSampleTimeNow
                0x000000000800bfcc       0x40 ./Middlewares/Third_Party/FreeRTOS/Source/timers.o
 .text.prvInsertTimerInActiveList
                0x000000000800c00c       0x84 ./Middlewares/Third_Party/FreeRTOS/Source/timers.o
 .text.prvProcessReceivedCommands
                0x000000000800c090      0x1c4 ./Middlewares/Third_Party/FreeRTOS/Source/timers.o
 .text.prvSwitchTimerLists
                0x000000000800c254       0xc8 ./Middlewares/Third_Party/FreeRTOS/Source/timers.o
 .text.prvCheckForValidListAndQueue
                0x000000000800c31c       0x80 ./Middlewares/Third_Party/FreeRTOS/Source/timers.o
 .text.pxPortInitialiseStack
                0x000000000800c39c       0x68 ./Middlewares/Third_Party/FreeRTOS/Source/portable/GCC/ARM_CM4F/port.o
                0x000000000800c39c                pxPortInitialiseStack
 .text.prvTaskExitError
                0x000000000800c404       0x58 ./Middlewares/Third_Party/FreeRTOS/Source/portable/GCC/ARM_CM4F/port.o
 *fill*         0x000000000800c45c        0x4 
 .text.SVC_Handler
                0x000000000800c460       0x28 ./Middlewares/Third_Party/FreeRTOS/Source/portable/GCC/ARM_CM4F/port.o
                0x000000000800c460                SVC_Handler
 .text.prvPortStartFirstTask
                0x000000000800c488       0x28 ./Middlewares/Third_Party/FreeRTOS/Source/portable/GCC/ARM_CM4F/port.o
 .text.xPortStartScheduler
                0x000000000800c4b0      0x144 ./Middlewares/Third_Party/FreeRTOS/Source/portable/GCC/ARM_CM4F/port.o
                0x000000000800c4b0                xPortStartScheduler
 .text.vPortEnterCritical
                0x000000000800c5f4       0x60 ./Middlewares/Third_Party/FreeRTOS/Source/portable/GCC/ARM_CM4F/port.o
                0x000000000800c5f4                vPortEnterCritical
 .text.vPortExitCritical
                0x000000000800c654       0x54 ./Middlewares/Third_Party/FreeRTOS/Source/portable/GCC/ARM_CM4F/port.o
                0x000000000800c654                vPortExitCritical
 *fill*         0x000000000800c6a8        0x8 
 .text.PendSV_Handler
                0x000000000800c6b0       0x68 ./Middlewares/Third_Party/FreeRTOS/Source/portable/GCC/ARM_CM4F/port.o
                0x000000000800c6b0                PendSV_Handler
 .text.xPortSysTickHandler
                0x000000000800c718       0x44 ./Middlewares/Third_Party/FreeRTOS/Source/portable/GCC/ARM_CM4F/port.o
                0x000000000800c718                xPortSysTickHandler
 .text.vPortSetupTimerInterrupt
                0x000000000800c75c       0x48 ./Middlewares/Third_Party/FreeRTOS/Source/portable/GCC/ARM_CM4F/port.o
                0x000000000800c75c                vPortSetupTimerInterrupt
 .text.vPortEnableVFP
                0x000000000800c7a4       0x14 ./Middlewares/Third_Party/FreeRTOS/Source/portable/GCC/ARM_CM4F/port.o
 .text.vPortValidateInterruptPriority
                0x000000000800c7b8       0x80 ./Middlewares/Third_Party/FreeRTOS/Source/portable/GCC/ARM_CM4F/port.o
                0x000000000800c7b8                vPortValidateInterruptPriority
 .text.pvPortMalloc
                0x000000000800c838      0x198 ./Middlewares/Third_Party/FreeRTOS/Source/portable/MemMang/heap_4.o
                0x000000000800c838                pvPortMalloc
 .text.vPortFree
                0x000000000800c9d0       0xc4 ./Middlewares/Third_Party/FreeRTOS/Source/portable/MemMang/heap_4.o
                0x000000000800c9d0                vPortFree
 .text.prvHeapInit
                0x000000000800ca94       0xc4 ./Middlewares/Third_Party/FreeRTOS/Source/portable/MemMang/heap_4.o
 .text.prvInsertBlockIntoFreeList
                0x000000000800cb58       0xb4 ./Middlewares/Third_Party/FreeRTOS/Source/portable/MemMang/heap_4.o
 .text.tk_drawchars
                0x000000000800cc0c      0x108 ./Middlewares/Tukowisko/Src/tk_grs.o
                0x000000000800cc0c                tk_drawchars
 .text.tk_grs_fillrect
                0x000000000800cd14       0x70 ./Middlewares/Tukowisko/Src/tk_grs.o
                0x000000000800cd14                tk_grs_fillrect
 .text.tk_console_next_line
                0x000000000800cd84       0xe8 ./Middlewares/Tukowisko/Src/tk_grs.o
                0x000000000800cd84                tk_console_next_line
 .text.tk_console_append
                0x000000000800ce6c       0xe4 ./Middlewares/Tukowisko/Src/tk_grs.o
                0x000000000800ce6c                tk_console_append
 .text.tk_grs_clear
                0x000000000800cf50       0x1e ./Middlewares/Tukowisko/Src/tk_grs.o
                0x000000000800cf50                tk_grs_clear
 .text.tk_grs_testscreen
                0x000000000800cf6e       0x70 ./Middlewares/Tukowisko/Src/tk_grs.o
                0x000000000800cf6e                tk_grs_testscreen
 .text.tk_printf
                0x000000000800cfde       0x3a ./Middlewares/Tukowisko/Src/tk_grs.o
                0x000000000800cfde                tk_printf
 .text.TK_ILI9341_Cmd
                0x000000000800d018       0xbc ./Middlewares/Tukowisko/Src/tk_inits.o
                0x000000000800d018                TK_ILI9341_Cmd
 .text.TK_ILI9341_Init
                0x000000000800d0d4      0x344 ./Middlewares/Tukowisko/Src/tk_inits.o
                0x000000000800d0d4                TK_ILI9341_Init
 .text.TK_DIMM_InitSequence
                0x000000000800d418       0xb8 ./Middlewares/Tukowisko/Src/tk_inits.o
                0x000000000800d418                TK_DIMM_InitSequence
 .text.MX_USB_HOST_Init
                0x000000000800d4d0       0x4c ./USB_HOST/App/usb_host.o
                0x000000000800d4d0                MX_USB_HOST_Init
 .text.USBH_UserProcess
                0x000000000800d51c       0x5c ./USB_HOST/App/usb_host.o
 .text.HAL_HCD_MspInit
                0x000000000800d578       0xbc ./USB_HOST/Target/usbh_conf.o
                0x000000000800d578                HAL_HCD_MspInit
 .text.HAL_HCD_SOF_Callback
                0x000000000800d634       0x1c ./USB_HOST/Target/usbh_conf.o
                0x000000000800d634                HAL_HCD_SOF_Callback
 .text.HAL_HCD_Connect_Callback
                0x000000000800d650       0x1c ./USB_HOST/Target/usbh_conf.o
                0x000000000800d650                HAL_HCD_Connect_Callback
 .text.HAL_HCD_Disconnect_Callback
                0x000000000800d66c       0x1c ./USB_HOST/Target/usbh_conf.o
                0x000000000800d66c                HAL_HCD_Disconnect_Callback
 .text.HAL_HCD_HC_NotifyURBChange_Callback
                0x000000000800d688       0x24 ./USB_HOST/Target/usbh_conf.o
                0x000000000800d688                HAL_HCD_HC_NotifyURBChange_Callback
 .text.HAL_HCD_PortEnabled_Callback
                0x000000000800d6ac       0x1c ./USB_HOST/Target/usbh_conf.o
                0x000000000800d6ac                HAL_HCD_PortEnabled_Callback
 .text.HAL_HCD_PortDisabled_Callback
                0x000000000800d6c8       0x1c ./USB_HOST/Target/usbh_conf.o
                0x000000000800d6c8                HAL_HCD_PortDisabled_Callback
 .text.USBH_LL_Init
                0x000000000800d6e4       0x8c ./USB_HOST/Target/usbh_conf.o
                0x000000000800d6e4                USBH_LL_Init
 .text.USBH_LL_Start
                0x000000000800d770       0x36 ./USB_HOST/Target/usbh_conf.o
                0x000000000800d770                USBH_LL_Start
 .text.USBH_LL_Stop
                0x000000000800d7a6       0x36 ./USB_HOST/Target/usbh_conf.o
                0x000000000800d7a6                USBH_LL_Stop
 .text.USBH_LL_GetSpeed
                0x000000000800d7dc       0x4e ./USB_HOST/Target/usbh_conf.o
                0x000000000800d7dc                USBH_LL_GetSpeed
 .text.USBH_LL_ResetPort
                0x000000000800d82a       0x36 ./USB_HOST/Target/usbh_conf.o
                0x000000000800d82a                USBH_LL_ResetPort
 .text.USBH_LL_GetLastXferSize
                0x000000000800d860       0x26 ./USB_HOST/Target/usbh_conf.o
                0x000000000800d860                USBH_LL_GetLastXferSize
 .text.USBH_LL_OpenPipe
                0x000000000800d886       0x5e ./USB_HOST/Target/usbh_conf.o
                0x000000000800d886                USBH_LL_OpenPipe
 .text.USBH_LL_ClosePipe
                0x000000000800d8e4       0x3e ./USB_HOST/Target/usbh_conf.o
                0x000000000800d8e4                USBH_LL_ClosePipe
 .text.USBH_LL_SubmitURB
                0x000000000800d922       0x62 ./USB_HOST/Target/usbh_conf.o
                0x000000000800d922                USBH_LL_SubmitURB
 .text.USBH_LL_GetURBState
                0x000000000800d984       0x26 ./USB_HOST/Target/usbh_conf.o
                0x000000000800d984                USBH_LL_GetURBState
 .text.USBH_LL_DriverVBUS
                0x000000000800d9aa       0x2e ./USB_HOST/Target/usbh_conf.o
                0x000000000800d9aa                USBH_LL_DriverVBUS
 .text.USBH_LL_SetToggle
                0x000000000800d9d8       0x60 ./USB_HOST/Target/usbh_conf.o
                0x000000000800d9d8                USBH_LL_SetToggle
 .text.USBH_Delay
                0x000000000800da38       0x16 ./USB_HOST/Target/usbh_conf.o
                0x000000000800da38                USBH_Delay
 *fill*         0x000000000800da4e        0x2 
 .text.USBH_Get_USB_Status
                0x000000000800da50       0x58 ./USB_HOST/Target/usbh_conf.o
                0x000000000800da50                USBH_Get_USB_Status
 .text.MX_DriverVbusHS
                0x000000000800daa8       0x38 ./USB_HOST/Target/usbh_platform.o
                0x000000000800daa8                MX_DriverVbusHS
 .text.__errno  0x000000000800dae0        0xc c:/apps/stm32cubeide_1.8.0/stm32cubeide/plugins/com.st.stm32cube.ide.mcu.externaltools.gnu-tools-for-stm32.9-2020-q2-update.win32_2.0.0.202105311346/tools/bin/../lib/gcc/arm-none-eabi/9.3.1/../../../../arm-none-eabi/lib/thumb/v7e-m+fp/hard\libc_nano.a(lib_a-errno.o)
                0x000000000800dae0                __errno
 .text.__libc_init_array
                0x000000000800daec       0x48 c:/apps/stm32cubeide_1.8.0/stm32cubeide/plugins/com.st.stm32cube.ide.mcu.externaltools.gnu-tools-for-stm32.9-2020-q2-update.win32_2.0.0.202105311346/tools/bin/../lib/gcc/arm-none-eabi/9.3.1/../../../../arm-none-eabi/lib/thumb/v7e-m+fp/hard\libc_nano.a(lib_a-init.o)
                0x000000000800daec                __libc_init_array
 .text.__retarget_lock_acquire_recursive
                0x000000000800db34        0x2 c:/apps/stm32cubeide_1.8.0/stm32cubeide/plugins/com.st.stm32cube.ide.mcu.externaltools.gnu-tools-for-stm32.9-2020-q2-update.win32_2.0.0.202105311346/tools/bin/../lib/gcc/arm-none-eabi/9.3.1/../../../../arm-none-eabi/lib/thumb/v7e-m+fp/hard\libc_nano.a(lib_a-lock.o)
                0x000000000800db34                __retarget_lock_acquire_recursive
 .text.__retarget_lock_release_recursive
                0x000000000800db36        0x2 c:/apps/stm32cubeide_1.8.0/stm32cubeide/plugins/com.st.stm32cube.ide.mcu.externaltools.gnu-tools-for-stm32.9-2020-q2-update.win32_2.0.0.202105311346/tools/bin/../lib/gcc/arm-none-eabi/9.3.1/../../../../arm-none-eabi/lib/thumb/v7e-m+fp/hard\libc_nano.a(lib_a-lock.o)
                0x000000000800db36                __retarget_lock_release_recursive
 .text.malloc   0x000000000800db38       0x10 c:/apps/stm32cubeide_1.8.0/stm32cubeide/plugins/com.st.stm32cube.ide.mcu.externaltools.gnu-tools-for-stm32.9-2020-q2-update.win32_2.0.0.202105311346/tools/bin/../lib/gcc/arm-none-eabi/9.3.1/../../../../arm-none-eabi/lib/thumb/v7e-m+fp/hard\libc_nano.a(lib_a-malloc.o)
                0x000000000800db38                malloc
 .text.free     0x000000000800db48       0x10 c:/apps/stm32cubeide_1.8.0/stm32cubeide/plugins/com.st.stm32cube.ide.mcu.externaltools.gnu-tools-for-stm32.9-2020-q2-update.win32_2.0.0.202105311346/tools/bin/../lib/gcc/arm-none-eabi/9.3.1/../../../../arm-none-eabi/lib/thumb/v7e-m+fp/hard\libc_nano.a(lib_a-malloc.o)
                0x000000000800db48                free
 .text.memcpy   0x000000000800db58       0x1c c:/apps/stm32cubeide_1.8.0/stm32cubeide/plugins/com.st.stm32cube.ide.mcu.externaltools.gnu-tools-for-stm32.9-2020-q2-update.win32_2.0.0.202105311346/tools/bin/../lib/gcc/arm-none-eabi/9.3.1/../../../../arm-none-eabi/lib/thumb/v7e-m+fp/hard\libc_nano.a(lib_a-memcpy-stub.o)
                0x000000000800db58                memcpy
 .text.memmove  0x000000000800db74       0x34 c:/apps/stm32cubeide_1.8.0/stm32cubeide/plugins/com.st.stm32cube.ide.mcu.externaltools.gnu-tools-for-stm32.9-2020-q2-update.win32_2.0.0.202105311346/tools/bin/../lib/gcc/arm-none-eabi/9.3.1/../../../../arm-none-eabi/lib/thumb/v7e-m+fp/hard\libc_nano.a(lib_a-memmove.o)
                0x000000000800db74                memmove
 .text.memset   0x000000000800dba8       0x10 c:/apps/stm32cubeide_1.8.0/stm32cubeide/plugins/com.st.stm32cube.ide.mcu.externaltools.gnu-tools-for-stm32.9-2020-q2-update.win32_2.0.0.202105311346/tools/bin/../lib/gcc/arm-none-eabi/9.3.1/../../../../arm-none-eabi/lib/thumb/v7e-m+fp/hard\libc_nano.a(lib_a-memset.o)
                0x000000000800dba8                memset
 .text._free_r  0x000000000800dbb8       0xa0 c:/apps/stm32cubeide_1.8.0/stm32cubeide/plugins/com.st.stm32cube.ide.mcu.externaltools.gnu-tools-for-stm32.9-2020-q2-update.win32_2.0.0.202105311346/tools/bin/../lib/gcc/arm-none-eabi/9.3.1/../../../../arm-none-eabi/lib/thumb/v7e-m+fp/hard\libc_nano.a(lib_a-nano-freer.o)
                0x000000000800dbb8                _free_r
 .text._malloc_r
                0x000000000800dc58       0xb4 c:/apps/stm32cubeide_1.8.0/stm32cubeide/plugins/com.st.stm32cube.ide.mcu.externaltools.gnu-tools-for-stm32.9-2020-q2-update.win32_2.0.0.202105311346/tools/bin/../lib/gcc/arm-none-eabi/9.3.1/../../../../arm-none-eabi/lib/thumb/v7e-m+fp/hard\libc_nano.a(lib_a-nano-mallocr.o)
                0x000000000800dc58                _malloc_r
 .text.cleanup_glue
                0x000000000800dd0c       0x1a c:/apps/stm32cubeide_1.8.0/stm32cubeide/plugins/com.st.stm32cube.ide.mcu.externaltools.gnu-tools-for-stm32.9-2020-q2-update.win32_2.0.0.202105311346/tools/bin/../lib/gcc/arm-none-eabi/9.3.1/../../../../arm-none-eabi/lib/thumb/v7e-m+fp/hard\libc_nano.a(lib_a-reent.o)
                0x000000000800dd0c                cleanup_glue
 *fill*         0x000000000800dd26        0x2 
 .text._reclaim_reent
                0x000000000800dd28       0xb8 c:/apps/stm32cubeide_1.8.0/stm32cubeide/plugins/com.st.stm32cube.ide.mcu.externaltools.gnu-tools-for-stm32.9-2020-q2-update.win32_2.0.0.202105311346/tools/bin/../lib/gcc/arm-none-eabi/9.3.1/../../../../arm-none-eabi/lib/thumb/v7e-m+fp/hard\libc_nano.a(lib_a-reent.o)
                0x000000000800dd28                _reclaim_reent
 .text._sbrk_r  0x000000000800dde0       0x20 c:/apps/stm32cubeide_1.8.0/stm32cubeide/plugins/com.st.stm32cube.ide.mcu.externaltools.gnu-tools-for-stm32.9-2020-q2-update.win32_2.0.0.202105311346/tools/bin/../lib/gcc/arm-none-eabi/9.3.1/../../../../arm-none-eabi/lib/thumb/v7e-m+fp/hard\libc_nano.a(lib_a-sbrkr.o)
                0x000000000800dde0                _sbrk_r
 .text._vsnprintf_r
                0x000000000800de00       0x58 c:/apps/stm32cubeide_1.8.0/stm32cubeide/plugins/com.st.stm32cube.ide.mcu.externaltools.gnu-tools-for-stm32.9-2020-q2-update.win32_2.0.0.202105311346/tools/bin/../lib/gcc/arm-none-eabi/9.3.1/../../../../arm-none-eabi/lib/thumb/v7e-m+fp/hard\libc_nano.a(lib_a-vsnprintf.o)
                0x000000000800de00                _vsniprintf_r
                0x000000000800de00                _vsnprintf_r
 .text.vsnprintf
                0x000000000800de58       0x1c c:/apps/stm32cubeide_1.8.0/stm32cubeide/plugins/com.st.stm32cube.ide.mcu.externaltools.gnu-tools-for-stm32.9-2020-q2-update.win32_2.0.0.202105311346/tools/bin/../lib/gcc/arm-none-eabi/9.3.1/../../../../arm-none-eabi/lib/thumb/v7e-m+fp/hard\libc_nano.a(lib_a-vsnprintf.o)
                0x000000000800de58                vsniprintf
                0x000000000800de58                vsnprintf
 .text.__malloc_lock
                0x000000000800de74        0xc c:/apps/stm32cubeide_1.8.0/stm32cubeide/plugins/com.st.stm32cube.ide.mcu.externaltools.gnu-tools-for-stm32.9-2020-q2-update.win32_2.0.0.202105311346/tools/bin/../lib/gcc/arm-none-eabi/9.3.1/../../../../arm-none-eabi/lib/thumb/v7e-m+fp/hard\libc_nano.a(lib_a-mlock.o)
                0x000000000800de74                __malloc_lock
 .text.__malloc_unlock
                0x000000000800de80        0xc c:/apps/stm32cubeide_1.8.0/stm32cubeide/plugins/com.st.stm32cube.ide.mcu.externaltools.gnu-tools-for-stm32.9-2020-q2-update.win32_2.0.0.202105311346/tools/bin/../lib/gcc/arm-none-eabi/9.3.1/../../../../arm-none-eabi/lib/thumb/v7e-m+fp/hard\libc_nano.a(lib_a-mlock.o)
                0x000000000800de80                __malloc_unlock
 .text.__ssputs_r
                0x000000000800de8c       0xb6 c:/apps/stm32cubeide_1.8.0/stm32cubeide/plugins/com.st.stm32cube.ide.mcu.externaltools.gnu-tools-for-stm32.9-2020-q2-update.win32_2.0.0.202105311346/tools/bin/../lib/gcc/arm-none-eabi/9.3.1/../../../../arm-none-eabi/lib/thumb/v7e-m+fp/hard\libc_nano.a(lib_a-nano-svfprintf.o)
                0x000000000800de8c                __ssputs_r
 *fill*         0x000000000800df42        0x2 
 .text._svfprintf_r
                0x000000000800df44      0x200 c:/apps/stm32cubeide_1.8.0/stm32cubeide/plugins/com.st.stm32cube.ide.mcu.externaltools.gnu-tools-for-stm32.9-2020-q2-update.win32_2.0.0.202105311346/tools/bin/../lib/gcc/arm-none-eabi/9.3.1/../../../../arm-none-eabi/lib/thumb/v7e-m+fp/hard\libc_nano.a(lib_a-nano-svfprintf.o)
                0x000000000800df44                _svfiprintf_r
                0x000000000800df44                _svfprintf_r
 .text._printf_common
                0x000000000800e144       0xda c:/apps/stm32cubeide_1.8.0/stm32cubeide/plugins/com.st.stm32cube.ide.mcu.externaltools.gnu-tools-for-stm32.9-2020-q2-update.win32_2.0.0.202105311346/tools/bin/../lib/gcc/arm-none-eabi/9.3.1/../../../../arm-none-eabi/lib/thumb/v7e-m+fp/hard\libc_nano.a(lib_a-nano-vfprintf_i.o)
                0x000000000800e144                _printf_common
 *fill*         0x000000000800e21e        0x2 
 .text._printf_i
                0x000000000800e220      0x24c c:/apps/stm32cubeide_1.8.0/stm32cubeide/plugins/com.st.stm32cube.ide.mcu.externaltools.gnu-tools-for-stm32.9-2020-q2-update.win32_2.0.0.202105311346/tools/bin/../lib/gcc/arm-none-eabi/9.3.1/../../../../arm-none-eabi/lib/thumb/v7e-m+fp/hard\libc_nano.a(lib_a-nano-vfprintf_i.o)
                0x000000000800e220                _printf_i
 .text._realloc_r
                0x000000000800e46c       0x4c c:/apps/stm32cubeide_1.8.0/stm32cubeide/plugins/com.st.stm32cube.ide.mcu.externaltools.gnu-tools-for-stm32.9-2020-q2-update.win32_2.0.0.202105311346/tools/bin/../lib/gcc/arm-none-eabi/9.3.1/../../../../arm-none-eabi/lib/thumb/v7e-m+fp/hard\libc_nano.a(lib_a-nano-reallocr.o)
                0x000000000800e46c                _realloc_r
 .text._malloc_usable_size_r
                0x000000000800e4b8       0x10 c:/apps/stm32cubeide_1.8.0/stm32cubeide/plugins/com.st.stm32cube.ide.mcu.externaltools.gnu-tools-for-stm32.9-2020-q2-update.win32_2.0.0.202105311346/tools/bin/../lib/gcc/arm-none-eabi/9.3.1/../../../../arm-none-eabi/lib/thumb/v7e-m+fp/hard\libc_nano.a(lib_a-nano-msizer.o)
                0x000000000800e4b8                _malloc_usable_size_r
 *(.glue_7)
 .glue_7        0x000000000800e4c8        0x0 linker stubs
 *(.glue_7t)
 .glue_7t       0x000000000800e4c8        0x0 linker stubs
 *(.eh_frame)
 .eh_frame      0x000000000800e4c8        0x0 c:/apps/stm32cubeide_1.8.0/stm32cubeide/plugins/com.st.stm32cube.ide.mcu.externaltools.gnu-tools-for-stm32.9-2020-q2-update.win32_2.0.0.202105311346/tools/bin/../lib/gcc/arm-none-eabi/9.3.1/thumb/v7e-m+fp/hard/crtbegin.o
 *(.init)
 .init          0x000000000800e4c8        0x4 c:/apps/stm32cubeide_1.8.0/stm32cubeide/plugins/com.st.stm32cube.ide.mcu.externaltools.gnu-tools-for-stm32.9-2020-q2-update.win32_2.0.0.202105311346/tools/bin/../lib/gcc/arm-none-eabi/9.3.1/thumb/v7e-m+fp/hard/crti.o
                0x000000000800e4c8                _init
 .init          0x000000000800e4cc        0x8 c:/apps/stm32cubeide_1.8.0/stm32cubeide/plugins/com.st.stm32cube.ide.mcu.externaltools.gnu-tools-for-stm32.9-2020-q2-update.win32_2.0.0.202105311346/tools/bin/../lib/gcc/arm-none-eabi/9.3.1/thumb/v7e-m+fp/hard/crtn.o
 *(.fini)
 .fini          0x000000000800e4d4        0x4 c:/apps/stm32cubeide_1.8.0/stm32cubeide/plugins/com.st.stm32cube.ide.mcu.externaltools.gnu-tools-for-stm32.9-2020-q2-update.win32_2.0.0.202105311346/tools/bin/../lib/gcc/arm-none-eabi/9.3.1/thumb/v7e-m+fp/hard/crti.o
                0x000000000800e4d4                _fini
 .fini          0x000000000800e4d8        0x8 c:/apps/stm32cubeide_1.8.0/stm32cubeide/plugins/com.st.stm32cube.ide.mcu.externaltools.gnu-tools-for-stm32.9-2020-q2-update.win32_2.0.0.202105311346/tools/bin/../lib/gcc/arm-none-eabi/9.3.1/thumb/v7e-m+fp/hard/crtn.o
                0x000000000800e4e0                . = ALIGN (0x4)
                0x000000000800e4e0                _etext = .

.vfp11_veneer   0x000000000800e4e0        0x0
 .vfp11_veneer  0x000000000800e4e0        0x0 linker stubs

.v4_bx          0x000000000800e4e0        0x0
 .v4_bx         0x000000000800e4e0        0x0 linker stubs

.iplt           0x000000000800e4e0        0x0
 .iplt          0x000000000800e4e0        0x0 c:/apps/stm32cubeide_1.8.0/stm32cubeide/plugins/com.st.stm32cube.ide.mcu.externaltools.gnu-tools-for-stm32.9-2020-q2-update.win32_2.0.0.202105311346/tools/bin/../lib/gcc/arm-none-eabi/9.3.1/thumb/v7e-m+fp/hard/crtbegin.o

.rodata         0x000000000800e4e0      0x8d4
                0x000000000800e4e0                . = ALIGN (0x4)
 *(.rodata)
 .rodata        0x000000000800e4e0       0x4e ./Core/Src/main.o
 *fill*         0x000000000800e52e        0x2 
 .rodata        0x000000000800e530        0x4 ./Middlewares/ST/STM32_USB_Host_Library/Class/CDC/Src/usbh_cdc.o
 .rodata        0x000000000800e534        0xb ./Middlewares/ST/STM32_USB_Host_Library/Core/Src/usbh_core.o
 *fill*         0x000000000800e53f        0x1 
 .rodata        0x000000000800e540        0x5 ./Middlewares/Third_Party/FreeRTOS/Source/tasks.o
 *fill*         0x000000000800e545        0x3 
 .rodata        0x000000000800e548        0xd ./Middlewares/Third_Party/FreeRTOS/Source/timers.o
 *fill*         0x000000000800e555        0x3 
 .rodata        0x000000000800e558       0x1f ./Middlewares/Tukowisko/Src/tk_inits.o
 *(.rodata*)
 *fill*         0x000000000800e577        0x1 
 .rodata.defaultTask_attributes
                0x000000000800e578       0x24 ./Core/Src/main.o
                0x000000000800e578                defaultTask_attributes
 .rodata.AHBPrescTable
                0x000000000800e59c       0x10 ./Core/Src/system_stm32f4xx.o
                0x000000000800e59c                AHBPrescTable
 .rodata.APBPrescTable
                0x000000000800e5ac        0x8 ./Core/Src/system_stm32f4xx.o
                0x000000000800e5ac                APBPrescTable
 .rodata.Font7x10
                0x000000000800e5b4      0x76c ./Middlewares/Tukowisko/Src/ssd1306_fonts.o
 .rodata.__sf_fake_stderr
                0x000000000800ed20       0x20 c:/apps/stm32cubeide_1.8.0/stm32cubeide/plugins/com.st.stm32cube.ide.mcu.externaltools.gnu-tools-for-stm32.9-2020-q2-update.win32_2.0.0.202105311346/tools/bin/../lib/gcc/arm-none-eabi/9.3.1/../../../../arm-none-eabi/lib/thumb/v7e-m+fp/hard\libc_nano.a(lib_a-findfp.o)
                0x000000000800ed20                __sf_fake_stderr
 .rodata.__sf_fake_stdin
                0x000000000800ed40       0x20 c:/apps/stm32cubeide_1.8.0/stm32cubeide/plugins/com.st.stm32cube.ide.mcu.externaltools.gnu-tools-for-stm32.9-2020-q2-update.win32_2.0.0.202105311346/tools/bin/../lib/gcc/arm-none-eabi/9.3.1/../../../../arm-none-eabi/lib/thumb/v7e-m+fp/hard\libc_nano.a(lib_a-findfp.o)
                0x000000000800ed40                __sf_fake_stdin
 .rodata.__sf_fake_stdout
                0x000000000800ed60       0x20 c:/apps/stm32cubeide_1.8.0/stm32cubeide/plugins/com.st.stm32cube.ide.mcu.externaltools.gnu-tools-for-stm32.9-2020-q2-update.win32_2.0.0.202105311346/tools/bin/../lib/gcc/arm-none-eabi/9.3.1/../../../../arm-none-eabi/lib/thumb/v7e-m+fp/hard\libc_nano.a(lib_a-findfp.o)
                0x000000000800ed60                __sf_fake_stdout
 .rodata._svfprintf_r.str1.1
                0x000000000800ed80       0x11 c:/apps/stm32cubeide_1.8.0/stm32cubeide/plugins/com.st.stm32cube.ide.mcu.externaltools.gnu-tools-for-stm32.9-2020-q2-update.win32_2.0.0.202105311346/tools/bin/../lib/gcc/arm-none-eabi/9.3.1/../../../../arm-none-eabi/lib/thumb/v7e-m+fp/hard\libc_nano.a(lib_a-nano-svfprintf.o)
 .rodata._printf_i.str1.1
                0x000000000800ed91       0x22 c:/apps/stm32cubeide_1.8.0/stm32cubeide/plugins/com.st.stm32cube.ide.mcu.externaltools.gnu-tools-for-stm32.9-2020-q2-update.win32_2.0.0.202105311346/tools/bin/../lib/gcc/arm-none-eabi/9.3.1/../../../../arm-none-eabi/lib/thumb/v7e-m+fp/hard\libc_nano.a(lib_a-nano-vfprintf_i.o)
                0x000000000800edb4                . = ALIGN (0x4)
 *fill*         0x000000000800edb3        0x1 

.ARM.extab      0x000000000800edb4        0x0
                0x000000000800edb4                . = ALIGN (0x4)
 *(.ARM.extab* .gnu.linkonce.armextab.*)
                0x000000000800edb4                . = ALIGN (0x4)

.ARM            0x000000000800edb4        0x8
                0x000000000800edb4                . = ALIGN (0x4)
                0x000000000800edb4                __exidx_start = .
 *(.ARM.exidx*)
 .ARM.exidx     0x000000000800edb4        0x8 c:/apps/stm32cubeide_1.8.0/stm32cubeide/plugins/com.st.stm32cube.ide.mcu.externaltools.gnu-tools-for-stm32.9-2020-q2-update.win32_2.0.0.202105311346/tools/bin/../lib/gcc/arm-none-eabi/9.3.1/thumb/v7e-m+fp/hard\libgcc.a(_udivmoddi4.o)
                0x000000000800edbc                __exidx_end = .
                0x000000000800edbc                . = ALIGN (0x4)

.rel.dyn        0x000000000800edbc        0x0
 .rel.iplt      0x000000000800edbc        0x0 c:/apps/stm32cubeide_1.8.0/stm32cubeide/plugins/com.st.stm32cube.ide.mcu.externaltools.gnu-tools-for-stm32.9-2020-q2-update.win32_2.0.0.202105311346/tools/bin/../lib/gcc/arm-none-eabi/9.3.1/thumb/v7e-m+fp/hard/crtbegin.o

.preinit_array  0x000000000800edbc        0x0
                0x000000000800edbc                . = ALIGN (0x4)
                0x000000000800edbc                PROVIDE (__preinit_array_start = .)
 *(.preinit_array*)
                0x000000000800edbc                PROVIDE (__preinit_array_end = .)
                0x000000000800edbc                . = ALIGN (0x4)

.init_array     0x000000000800edbc        0x4
                0x000000000800edbc                . = ALIGN (0x4)
                0x000000000800edbc                PROVIDE (__init_array_start = .)
 *(SORT_BY_NAME(.init_array.*))
 *(.init_array*)
 .init_array    0x000000000800edbc        0x4 c:/apps/stm32cubeide_1.8.0/stm32cubeide/plugins/com.st.stm32cube.ide.mcu.externaltools.gnu-tools-for-stm32.9-2020-q2-update.win32_2.0.0.202105311346/tools/bin/../lib/gcc/arm-none-eabi/9.3.1/thumb/v7e-m+fp/hard/crtbegin.o
                0x000000000800edc0                PROVIDE (__init_array_end = .)
                0x000000000800edc0                . = ALIGN (0x4)

.fini_array     0x000000000800edc0        0x4
                0x000000000800edc0                . = ALIGN (0x4)
                [!provide]                        PROVIDE (__fini_array_start = .)
 *(SORT_BY_NAME(.fini_array.*))
 *(.fini_array*)
 .fini_array    0x000000000800edc0        0x4 c:/apps/stm32cubeide_1.8.0/stm32cubeide/plugins/com.st.stm32cube.ide.mcu.externaltools.gnu-tools-for-stm32.9-2020-q2-update.win32_2.0.0.202105311346/tools/bin/../lib/gcc/arm-none-eabi/9.3.1/thumb/v7e-m+fp/hard/crtbegin.o
                [!provide]                        PROVIDE (__fini_array_end = .)
                0x000000000800edc4                . = ALIGN (0x4)
                0x000000000800edc4                _sidata = LOADADDR (.data)

.data           0x0000000020000000       0x9c load address 0x000000000800edc4
                0x0000000020000000                . = ALIGN (0x4)
                0x0000000020000000                _sdata = .
 *(.data)
 *(.data*)
 .data.SystemCoreClock
                0x0000000020000000        0x4 ./Core/Src/system_stm32f4xx.o
                0x0000000020000000                SystemCoreClock
 .data.uwTickPrio
                0x0000000020000004        0x4 ./Drivers/STM32F4xx_HAL_Driver/Src/stm32f4xx_hal.o
                0x0000000020000004                uwTickPrio
 .data.uwTickFreq
                0x0000000020000008        0x1 ./Drivers/STM32F4xx_HAL_Driver/Src/stm32f4xx_hal.o
                0x0000000020000008                uwTickFreq
 *fill*         0x0000000020000009        0x3 
 .data.CDC_Class
                0x000000002000000c       0x20 ./Middlewares/ST/STM32_USB_Host_Library/Class/CDC/Src/usbh_cdc.o
                0x000000002000000c                CDC_Class
 .data.uxCriticalNesting
                0x000000002000002c        0x4 ./Middlewares/Third_Party/FreeRTOS/Source/portable/GCC/ARM_CM4F/port.o
 .data.Font_7x10
                0x0000000020000030        0x8 ./Middlewares/Tukowisko/Src/ssd1306_fonts.o
                0x0000000020000030                Font_7x10
 .data._impure_ptr
                0x0000000020000038        0x4 c:/apps/stm32cubeide_1.8.0/stm32cubeide/plugins/com.st.stm32cube.ide.mcu.externaltools.gnu-tools-for-stm32.9-2020-q2-update.win32_2.0.0.202105311346/tools/bin/../lib/gcc/arm-none-eabi/9.3.1/../../../../arm-none-eabi/lib/thumb/v7e-m+fp/hard\libc_nano.a(lib_a-impure.o)
                0x0000000020000038                _impure_ptr
 .data.impure_data
                0x000000002000003c       0x60 c:/apps/stm32cubeide_1.8.0/stm32cubeide/plugins/com.st.stm32cube.ide.mcu.externaltools.gnu-tools-for-stm32.9-2020-q2-update.win32_2.0.0.202105311346/tools/bin/../lib/gcc/arm-none-eabi/9.3.1/../../../../arm-none-eabi/lib/thumb/v7e-m+fp/hard\libc_nano.a(lib_a-impure.o)
 *(.RamFunc)
 *(.RamFunc*)
                0x000000002000009c                . = ALIGN (0x4)
                0x000000002000009c                _edata = .
                0x000000000800ee60                _siccmram = LOADADDR (.ccmram)

.igot.plt       0x000000002000009c        0x0 load address 0x000000000800ee60
 .igot.plt      0x000000002000009c        0x0 c:/apps/stm32cubeide_1.8.0/stm32cubeide/plugins/com.st.stm32cube.ide.mcu.externaltools.gnu-tools-for-stm32.9-2020-q2-update.win32_2.0.0.202105311346/tools/bin/../lib/gcc/arm-none-eabi/9.3.1/thumb/v7e-m+fp/hard/crtbegin.o

.ccmram         0x0000000010000000        0x0 load address 0x000000000800ee60
                0x0000000010000000                . = ALIGN (0x4)
                0x0000000010000000                _sccmram = .
 *(.ccmram)
 *(.ccmram*)
                0x0000000010000000                . = ALIGN (0x4)
                0x0000000010000000                _eccmram = .
                0x0000000010000000                . = ALIGN (0x4)

.bss            0x000000002000009c     0x5654
                0x000000002000009c                _sbss = .
                0x000000002000009c                __bss_start__ = _sbss
 *(.bss)
 .bss           0x000000002000009c       0x1c c:/apps/stm32cubeide_1.8.0/stm32cubeide/plugins/com.st.stm32cube.ide.mcu.externaltools.gnu-tools-for-stm32.9-2020-q2-update.win32_2.0.0.202105311346/tools/bin/../lib/gcc/arm-none-eabi/9.3.1/thumb/v7e-m+fp/hard/crtbegin.o
 *(.bss*)
 .bss.demo_line_num
                0x00000000200000b8        0x4 ./Core/Src/main.o
                0x00000000200000b8                demo_line_num
 .bss.FMC_Initialized
                0x00000000200000bc        0x4 ./Core/Src/stm32f4xx_hal_msp.o
 .bss.__sbrk_heap_end
                0x00000000200000c0        0x4 ./Core/Src/sysmem.o